
Optional file libmchp_peripheral.a not found
Archive member included because of file (symbol)

c:/program files (x86)/microchip/xc32/v1.42/bin/bin/../../lib/gcc/pic32mx/4.8.3/fpu64\libgcc.a(_udivdi3.o)
                              build/daqifi_nyquist/debug/_ext/2110151058/sys_tmr.o (__udivdi3)
c:/program files (x86)/microchip/xc32/v1.42/bin/bin/../../lib/gcc/pic32mx/4.8.3/../../../../pic32mx/lib/fpu64\libpic32.a(memcpy.o)
                              build/daqifi_nyquist/debug/_ext/686445382/nvm.o (memcpy)
c:/program files (x86)/microchip/xc32/v1.42/bin/bin/../../lib/gcc/pic32mx/4.8.3/../../../../pic32mx/lib/fpu64\libpic32.a(memset.o)
                              build/daqifi_nyquist/debug/_ext/941160041/drv_tmr.o (memset)
c:/program files (x86)/microchip/xc32/v1.42/bin/bin/../../lib/gcc/pic32mx/4.8.3/../../../../pic32mx/lib/fpu64\libpic32.a(default-bootstrap-exception-handler.o)
                              c:/program files (x86)/microchip/xc32/v1.42/bin/bin/../../lib/gcc/pic32mx/4.8.3/../../../../pic32mx/lib/./proc/32MZ2048EFM144/crt0_mips32r2.o (_bootstrap_exception_handler)
c:/program files (x86)/microchip/xc32/v1.42/bin/bin/../../lib/gcc/pic32mx/4.8.3/../../../../pic32mx/lib/fpu64\libpic32.a(default-on-reset.o)
                              c:/program files (x86)/microchip/xc32/v1.42/bin/bin/../../lib/gcc/pic32mx/4.8.3/../../../../pic32mx/lib/./proc/32MZ2048EFM144/crt0_mips32r2.o (_on_reset)
c:/program files (x86)/microchip/xc32/v1.42/bin/bin/../../lib/gcc/pic32mx/4.8.3/../../../../pic32mx/lib/fpu64\libpic32.a(default-on-bootstrap.o)
                              c:/program files (x86)/microchip/xc32/v1.42/bin/bin/../../lib/gcc/pic32mx/4.8.3/../../../../pic32mx/lib/./proc/32MZ2048EFM144/crt0_mips32r2.o (_on_bootstrap)
c:/program files (x86)/microchip/xc32/v1.42/bin/bin/../../lib/gcc/pic32mx/4.8.3/../../../../pic32mx/lib/fpu64\libpic32.a(default-nmi-handler.o)
                              c:/program files (x86)/microchip/xc32/v1.42/bin/bin/../../lib/gcc/pic32mx/4.8.3/../../../../pic32mx/lib/./proc/32MZ2048EFM144/crt0_mips32r2.o (_nmi_handler)
c:/program files (x86)/microchip/xc32/v1.42/bin/bin/../../lib/gcc/pic32mx/4.8.3/../../../../pic32mx/lib/fpu64\libpic32.a(pic32_init_cache.o)
                              c:/program files (x86)/microchip/xc32/v1.42/bin/bin/../../lib/gcc/pic32mx/4.8.3/../../../../pic32mx/lib/./proc/32MZ2048EFM144/crt0_mips32r2.o (__pic32_init_cache)
c:/program files (x86)/microchip/xc32/v1.42/bin/bin/../../lib/gcc/pic32mx/4.8.3/../../../../pic32mx/lib/fpu64\libpic32.a(pic32_init_tlb_ebi_sqi.o)
                              c:/program files (x86)/microchip/xc32/v1.42/bin/bin/../../lib/gcc/pic32mx/4.8.3/../../../../pic32mx/lib/./proc/32MZ2048EFM144/crt0_mips32r2.o (__pic32_tlb_init_ebi_sqi)
c:/program files (x86)/microchip/xc32/v1.42/bin/bin/../../lib/gcc/pic32mx/4.8.3/../../../../pic32mx/lib/fpu64\libpic32.a(general-exception.o)
                              c:/program files (x86)/microchip/xc32/v1.42/bin/bin/../../lib/gcc/pic32mx/4.8.3/../../../../pic32mx/lib/./proc/32MZ2048EFM144/crt0_mips32r2.o (_general_exception_context)
c:/program files (x86)/microchip/xc32/v1.42/bin/bin/../../lib/gcc/pic32mx/4.8.3/../../../../pic32mx/lib/fpu64\libpic32.a(cache-err-exception.o)
                              c:/program files (x86)/microchip/xc32/v1.42/bin/bin/../../lib/gcc/pic32mx/4.8.3/../../../../pic32mx/lib/./proc/32MZ2048EFM144/crt0_mips32r2.o (_cache_err_exception_context)
c:/program files (x86)/microchip/xc32/v1.42/bin/bin/../../lib/gcc/pic32mx/4.8.3/../../../../pic32mx/lib/fpu64\libpic32.a(simple-tlb-refill-exception.o)
                              c:/program files (x86)/microchip/xc32/v1.42/bin/bin/../../lib/gcc/pic32mx/4.8.3/../../../../pic32mx/lib/./proc/32MZ2048EFM144/crt0_mips32r2.o (_simple_tlb_refill_exception_context)
c:/program files (x86)/microchip/xc32/v1.42/bin/bin/../../lib/gcc/pic32mx/4.8.3/../../../../pic32mx/lib/fpu64\libpic32.a(defaultinterrupt.o)
                              c:/program files (x86)/microchip/xc32/v1.42/bin/bin/../../lib/gcc/pic32mx/4.8.3/../../../../pic32mx/lib/./proc/32MZ2048EFM144\default_isr_vectors.o (_DefaultInterrupt)
c:/program files (x86)/microchip/xc32/v1.42/bin/bin/../../lib/gcc/pic32mx/4.8.3/../../../../pic32mx/lib/fpu64\libpic32.a(default-cache-err-exception-handler.o)
                              c:/program files (x86)/microchip/xc32/v1.42/bin/bin/../../lib/gcc/pic32mx/4.8.3/../../../../pic32mx/lib/fpu64\libpic32.a(cache-err-exception.o) (_cache_err_exception_handler)
c:/program files (x86)/microchip/xc32/v1.42/bin/bin/../../lib/gcc/pic32mx/4.8.3/../../../../pic32mx/lib/fpu64\libpic32.a(default-simple-tlb-refill-exception-handler.o)
                              c:/program files (x86)/microchip/xc32/v1.42/bin/bin/../../lib/gcc/pic32mx/4.8.3/../../../../pic32mx/lib/fpu64\libpic32.a(simple-tlb-refill-exception.o) (_simple_tlb_refill_exception_handler)

Allocating common symbols
[...]
Memory Configuration

Name             Origin             Length             Attributes
kseg0_data_mem   0x80000000         0x00080000         w !x
kseg1_data_mem   0xa0000000         0x00000380
kseg1_boot_mem   0xbfc00000         0x00000480
kseg0_program_mem 0x9fc01000         0x0000ef00         xr
kseg0_boot_mem   0x9fc004b0         0x00000000
kseg1_boot_mem_4B0 0xbfc004b0         0x00000b50
config_BFC0FF40  0xbfc0ff40         0x00000004
config_BFC0FF44  0xbfc0ff44         0x00000004
config_BFC0FF48  0xbfc0ff48         0x00000004
config_BFC0FF4C  0xbfc0ff4c         0x00000004
config_BFC0FF50  0xbfc0ff50         0x00000004
config_BFC0FF54  0xbfc0ff54         0x00000004
config_BFC0FF58  0xbfc0ff58         0x00000004
config_BFC0FF5C  0xbfc0ff5c         0x00000004
config_BFC0FF60  0xbfc0ff60         0x00000004
config_BFC0FF64  0xbfc0ff64         0x00000004
config_BFC0FF68  0xbfc0ff68         0x00000004
config_BFC0FF6C  0xbfc0ff6c         0x00000004
config_BFC0FF70  0xbfc0ff70         0x00000004
config_BFC0FF74  0xbfc0ff74         0x00000004
config_BFC0FF78  0xbfc0ff78         0x00000004
config_BFC0FF7C  0xbfc0ff7c         0x00000004
config_BFC0FFC0  0xbfc0ffc0         0x00000004
config_BFC0FFC4  0xbfc0ffc4         0x00000004
config_BFC0FFC8  0xbfc0ffc8         0x00000004
config_BFC0FFCC  0xbfc0ffcc         0x00000004
config_BFC0FFD0  0xbfc0ffd0         0x00000004
config_BFC0FFD4  0xbfc0ffd4         0x00000004
config_BFC0FFD8  0xbfc0ffd8         0x00000004
config_BFC0FFDC  0xbfc0ffdc         0x00000004
config_BFC0FFE0  0xbfc0ffe0         0x00000004
config_BFC0FFE4  0xbfc0ffe4         0x00000004
config_BFC0FFE8  0xbfc0ffe8         0x00000004
config_BFC0FFEC  0xbfc0ffec         0x00000004
config_BFC0FFF0  0xbfc0fff0         0x00000004
config_BFC0FFF4  0xbfc0fff4         0x00000004
config_BFC0FFF8  0xbfc0fff8         0x00000004
config_BFC0FFFC  0xbfc0fffc         0x00000004
lowerbootaliaslastpage 0xbfc10000         0x00004000
upperbootalias   0xbfc20000         0x00014000
boot1            0xbfc40000         0x0000ff00
config_BFC4FF40  0xbfc4ff40         0x00000004
config_BFC4FF44  0xbfc4ff44         0x00000004
config_BFC4FF48  0xbfc4ff48         0x00000004
config_BFC4FF4C  0xbfc4ff4c         0x00000004
config_BFC4FF50  0xbfc4ff50         0x00000004
config_BFC4FF54  0xbfc4ff54         0x00000004
config_BFC4FF58  0xbfc4ff58         0x00000004
config_BFC4FF5C  0xbfc4ff5c         0x00000004
config_BFC4FF60  0xbfc4ff60         0x00000004
config_BFC4FF64  0xbfc4ff64         0x00000004
config_BFC4FF68  0xbfc4ff68         0x00000004
config_BFC4FF6C  0xbfc4ff6c         0x00000004
config_BFC4FF70  0xbfc4ff70         0x00000004
config_BFC4FF74  0xbfc4ff74         0x00000004
config_BFC4FF78  0xbfc4ff78         0x00000004
config_BFC4FF7C  0xbfc4ff7c         0x00000004
config_BFC4FFC0  0xbfc4ffc0         0x00000004
config_BFC4FFC4  0xbfc4ffc4         0x00000004
config_BFC4FFC8  0xbfc4ffc8         0x00000004
config_BFC4FFCC  0xbfc4ffcc         0x00000004
config_BFC4FFD0  0xbfc4ffd0         0x00000004
config_BFC4FFD4  0xbfc4ffd4         0x00000004
config_BFC4FFD8  0xbfc4ffd8         0x00000004
config_BFC4FFDC  0xbfc4ffdc         0x00000004
config_BFC4FFE0  0xbfc4ffe0         0x00000004
config_BFC4FFE4  0xbfc4ffe4         0x00000004
config_BFC4FFE8  0xbfc4ffe8         0x00000004
config_BFC4FFEC  0xbfc4ffec         0x00000004
config_BFC4FFF0  0xbfc4fff0         0x00000004
config_BFC4FFF4  0xbfc4fff4         0x00000004
config_BFC4FFF8  0xbfc4fff8         0x00000004
config_BFC4FFFC  0xbfc4fffc         0x00000004
boot1lastpage    0xbfc50000         0x00004000
config_BFC54000  0xbfc54000         0x00000004
config_BFC54004  0xbfc54004         0x00000004
config_BFC54008  0xbfc54008         0x00000004
config_BFC5400C  0xbfc5400c         0x00000004
config_BFC54010  0xbfc54010         0x00000004
config_BFC54020  0xbfc54020         0x00000004
config_BFC54024  0xbfc54024         0x00000004
boot2            0xbfc60000         0x0000ff00
config_BFC6FF40  0xbfc6ff40         0x00000004
config_BFC6FF44  0xbfc6ff44         0x00000004
config_BFC6FF48  0xbfc6ff48         0x00000004
config_BFC6FF4C  0xbfc6ff4c         0x00000004
config_BFC6FF50  0xbfc6ff50         0x00000004
config_BFC6FF54  0xbfc6ff54         0x00000004
config_BFC6FF58  0xbfc6ff58         0x00000004
config_BFC6FF5C  0xbfc6ff5c         0x00000004
config_BFC6FF60  0xbfc6ff60         0x00000004
config_BFC6FF64  0xbfc6ff64         0x00000004
config_BFC6FF68  0xbfc6ff68         0x00000004
config_BFC6FF6C  0xbfc6ff6c         0x00000004
config_BFC6FF70  0xbfc6ff70         0x00000004
config_BFC6FF74  0xbfc6ff74         0x00000004
config_BFC6FF78  0xbfc6ff78         0x00000004
config_BFC6FF7C  0xbfc6ff7c         0x00000004
config_BFC6FFC0  0xbfc6ffc0         0x00000004
config_BFC6FFC4  0xbfc6ffc4         0x00000004
config_BFC6FFC8  0xbfc6ffc8         0x00000004
config_BFC6FFCC  0xbfc6ffcc         0x00000004
config_BFC6FFD0  0xbfc6ffd0         0x00000004
config_BFC6FFD4  0xbfc6ffd4         0x00000004
config_BFC6FFD8  0xbfc6ffd8         0x00000004
config_BFC6FFDC  0xbfc6ffdc         0x00000004
config_BFC6FFE0  0xbfc6ffe0         0x00000004
config_BFC6FFE4  0xbfc6ffe4         0x00000004
config_BFC6FFE8  0xbfc6ffe8         0x00000004
config_BFC6FFEC  0xbfc6ffec         0x00000004
config_BFC6FFF0  0xbfc6fff0         0x00000004
config_BFC6FFF4  0xbfc6fff4         0x00000004
config_BFC6FFF8  0xbfc6fff8         0x00000004
config_BFC6FFFC  0xbfc6fffc         0x00000004
boot2lastpage    0xbfc70000         0x00004000
configsfrs_BFC0FF40 0xbfc0ff40         0x00000040
configsfrs_BFC0FFC0 0xbfc0ffc0         0x00000040
configsfrs_BFC4FF40 0xbfc4ff40         0x00000040
configsfrs_BFC4FFC0 0xbfc4ffc0         0x00000040
configsfrs_BFC54000 0xbfc54000         0x00000014
configsfrs_BFC54020 0xbfc54020         0x00000008
configsfrs_BFC6FF40 0xbfc6ff40         0x00000040
configsfrs_BFC6FFC0 0xbfc6ffc0         0x00000040
sfrs             0xbf800000         0x00100000
kseg2_ebi_data_mem 0xc0000000         0x04000000
kseg2_sqi_data_mem 0xd0000000         0x04000000
kseg3_ebi_data_mem 0xe0000000         0x04000000
kseg3_sqi_data_mem 0xf0000000         0x04000000
*default*        0x00000000         0xffffffff

Linker script and memory map


reserve_data_0_kseg0
                0x80000000      0x380
                0x80000000        0x2 SHORT 0x0
                0x00000380                . = 0x380
 *fill*         0x80000002      0x37e 
                0x80000380                . = ALIGN (0x4)

reserve_data_0_kseg1
                0xa0000000      0x380
                0xa0000000        0x2 SHORT 0x0
                0x00000380                . = 0x380
 *fill*         0xa0000002      0x37e 
                0xa0000380                . = ALIGN (0x4)
LOAD c:/program files (x86)/microchip/xc32/v1.42/bin/bin/../../lib/gcc/pic32mx/4.8.3/../../../../pic32mx/lib/./proc/32MZ2048EFM144/crt0_mips32r2.o
LOAD c:/program files (x86)/microchip/xc32/v1.42/bin/bin/../../lib/gcc/pic32mx/4.8.3/../../../../pic32mx/lib/fpu64\software-debug-break.o
LOAD build/daqifi_nyquist/debug/_ext/371503188/sys_clk_static.o
LOAD build/daqifi_nyquist/debug/_ext/2024860324/sys_ports_static.o
LOAD build/daqifi_nyquist/debug/_ext/2141804971/system_init.o
LOAD build/daqifi_nyquist/debug/_ext/2141804971/system_interrupt.o
LOAD build/daqifi_nyquist/debug/_ext/2141804971/system_exceptions.o
LOAD build/daqifi_nyquist/debug/_ext/2141804971/system_tasks.o
LOAD build/daqifi_nyquist/debug/_ext/1360937237/main.o
LOAD build/daqifi_nyquist/debug/_ext/1360937237/app.o
LOAD build/daqifi_nyquist/debug/_ext/853289710/bsp_sys_init.o
LOAD build/daqifi_nyquist/debug/_ext/615392287/datastream.o
LOAD build/daqifi_nyquist/debug/_ext/615392287/datastream_usb_hid.o
LOAD build/daqifi_nyquist/debug/_ext/686445382/bootloader.o
LOAD build/daqifi_nyquist/debug/_ext/686445382/nvm.o
LOAD build/daqifi_nyquist/debug/_ext/941160041/drv_tmr.o
LOAD build/daqifi_nyquist/debug/_ext/179651966/drv_usbhs.o
LOAD build/daqifi_nyquist/debug/_ext/179651966/drv_usbhs_device.o
LOAD build/daqifi_nyquist/debug/_ext/482662494/sys_devcon.o
LOAD build/daqifi_nyquist/debug/_ext/482662494/sys_devcon_pic32mz.o
LOAD build/daqifi_nyquist/debug/_ext/482662494/sys_devcon_cache_pic32mz.o
LOAD build/daqifi_nyquist/debug/_ext/1042686532/sys_int_pic32.o
LOAD build/daqifi_nyquist/debug/_ext/64182180/sys_reset.o
LOAD build/daqifi_nyquist/debug/_ext/2110151058/sys_tmr.o
LOAD build/daqifi_nyquist/debug/_ext/2136608937/usb_device.o
LOAD build/daqifi_nyquist/debug/_ext/2136608937/usb_device_hid.o
LOAD ..\..\..\..\..\bin\framework\peripheral\PIC32MZ2048EFM144_peripherals.a
                0x00000001                __MPLAB_BUILD = 0x1
LOAD c:/program files (x86)/microchip/xc32/v1.42/bin/bin/../../lib/gcc/pic32mx/4.8.3/../../../../pic32mx/lib/./proc/32MZ2048EFM144\processor.o
START GROUP
LOAD libmchp_peripheral.a
END GROUP
START GROUP
LOAD c:/program files (x86)/microchip/xc32/v1.42/bin/bin/../../lib/gcc/pic32mx/4.8.3/../../../../pic32mx/lib/./proc/32MZ2048EFM144\vector_offset_init.o
END GROUP
                0x00000001                PROVIDE (_vector_spacing, 0x1)
                0x9fc01000                PROVIDE (_ebase_address, 0x9fc01000)
                0xbfc00380                _BEV_EXCPT_ADDR = 0xbfc00380
                0xbfc00480                _DBG_EXCPT_ADDR = 0xbfc00480
                0xbfc00000                _RESET_ADDR = 0xbfc00000
                0x9fc01000                _SIMPLE_TLB_REFILL_EXCPT_ADDR = (_ebase_address + 0x0)
                0x9fc01100                _CACHE_ERR_EXCPT_ADDR = (_ebase_address + 0x100)
                0x9fc01180                _GEN_EXCPT_ADDR = (_ebase_address + 0x180)

.config_BFC0FF40
 *(.config_BFC0FF40)

.config_BFC0FF44
 *(.config_BFC0FF44)

.config_BFC0FF48
 *(.config_BFC0FF48)

.config_BFC0FF4C
 *(.config_BFC0FF4C)

.config_BFC0FF50
 *(.config_BFC0FF50)

.config_BFC0FF54
 *(.config_BFC0FF54)

.config_BFC0FF58
 *(.config_BFC0FF58)

.config_BFC0FF5C
 *(.config_BFC0FF5C)

.config_BFC0FF60
 *(.config_BFC0FF60)

.config_BFC0FF64
 *(.config_BFC0FF64)

.config_BFC0FF68
 *(.config_BFC0FF68)

.config_BFC0FF6C
 *(.config_BFC0FF6C)

.config_BFC0FF70
 *(.config_BFC0FF70)

.config_BFC0FF74
 *(.config_BFC0FF74)

.config_BFC0FF78
 *(.config_BFC0FF78)

.config_BFC0FF7C
 *(.config_BFC0FF7C)

.config_BFC0FFC0
                0xbfc0ffc0        0x4
 *(.config_BFC0FFC0)
 .config_BFC0FFC0
                0xbfc0ffc0        0x4 build/daqifi_nyquist/debug/_ext/2141804971/system_init.o

.config_BFC0FFC4
                0xbfc0ffc4        0x4
 *(.config_BFC0FFC4)
 .config_BFC0FFC4
                0xbfc0ffc4        0x4 build/daqifi_nyquist/debug/_ext/2141804971/system_init.o

.config_BFC0FFC8
                0xbfc0ffc8        0x4
 *(.config_BFC0FFC8)
 .config_BFC0FFC8
                0xbfc0ffc8        0x4 build/daqifi_nyquist/debug/_ext/2141804971/system_init.o

.config_BFC0FFCC
                0xbfc0ffcc        0x4
 *(.config_BFC0FFCC)
 .config_BFC0FFCC
                0xbfc0ffcc        0x4 build/daqifi_nyquist/debug/_ext/2141804971/system_init.o

.config_BFC0FFD0
 *(.config_BFC0FFD0)

.config_BFC0FFD4
 *(.config_BFC0FFD4)

.config_BFC0FFD8
 *(.config_BFC0FFD8)

.config_BFC0FFDC
                0xbfc0ffdc        0x4
 *(.config_BFC0FFDC)
 .config_BFC0FFDC
                0xbfc0ffdc        0x4 build/daqifi_nyquist/debug/_ext/2141804971/system_init.o

.config_BFC0FFE0
 *(.config_BFC0FFE0)

.config_BFC0FFE4
 *(.config_BFC0FFE4)

.config_BFC0FFE8
 *(.config_BFC0FFE8)

.config_BFC0FFEC
 *(.config_BFC0FFEC)

.config_BFC0FFF0
                0xbfc0fff0        0x4
 *(.config_BFC0FFF0)
 .config_BFC0FFF0
                0xbfc0fff0        0x4 build/daqifi_nyquist/debug/_ext/2141804971/system_init.o

.config_BFC0FFF4
 *(.config_BFC0FFF4)

.config_BFC0FFF8
 *(.config_BFC0FFF8)

.config_BFC0FFFC
 *(.config_BFC0FFFC)

.config_BFC4FF40
 *(.config_BFC4FF40)

.config_BFC4FF44
 *(.config_BFC4FF44)

.config_BFC4FF48
 *(.config_BFC4FF48)

.config_BFC4FF4C
 *(.config_BFC4FF4C)

.config_BFC4FF50
 *(.config_BFC4FF50)

.config_BFC4FF54
 *(.config_BFC4FF54)

.config_BFC4FF58
 *(.config_BFC4FF58)

.config_BFC4FF5C
 *(.config_BFC4FF5C)

.config_BFC4FF60
 *(.config_BFC4FF60)

.config_BFC4FF64
 *(.config_BFC4FF64)

.config_BFC4FF68
 *(.config_BFC4FF68)

.config_BFC4FF6C
 *(.config_BFC4FF6C)

.config_BFC4FF70
 *(.config_BFC4FF70)

.config_BFC4FF74
 *(.config_BFC4FF74)

.config_BFC4FF78
 *(.config_BFC4FF78)

.config_BFC4FF7C
 *(.config_BFC4FF7C)

.config_BFC4FFC0
 *(.config_BFC4FFC0)

.config_BFC4FFC4
 *(.config_BFC4FFC4)

.config_BFC4FFC8
 *(.config_BFC4FFC8)

.config_BFC4FFCC
 *(.config_BFC4FFCC)

.config_BFC4FFD0
 *(.config_BFC4FFD0)

.config_BFC4FFD4
 *(.config_BFC4FFD4)

.config_BFC4FFD8
 *(.config_BFC4FFD8)

.config_BFC4FFDC
 *(.config_BFC4FFDC)

.config_BFC4FFE0
 *(.config_BFC4FFE0)

.config_BFC4FFE4
 *(.config_BFC4FFE4)

.config_BFC4FFE8
 *(.config_BFC4FFE8)

.config_BFC4FFEC
 *(.config_BFC4FFEC)

.config_BFC4FFF0
 *(.config_BFC4FFF0)

.config_BFC4FFF4
 *(.config_BFC4FFF4)

.config_BFC4FFF8
 *(.config_BFC4FFF8)

.config_BFC4FFFC
 *(.config_BFC4FFFC)

.config_BFC54000
 *(.config_BFC54000)

.config_BFC54004
 *(.config_BFC54004)

.config_BFC54008
 *(.config_BFC54008)

.config_BFC5400C
 *(.config_BFC5400C)

.config_BFC54010
 *(.config_BFC54010)

.config_BFC54020
 *(.config_BFC54020)

.config_BFC54024
 *(.config_BFC54024)

.config_BFC6FF40
 *(.config_BFC6FF40)

.config_BFC6FF44
 *(.config_BFC6FF44)

.config_BFC6FF48
 *(.config_BFC6FF48)

.config_BFC6FF4C
 *(.config_BFC6FF4C)

.config_BFC6FF50
 *(.config_BFC6FF50)

.config_BFC6FF54
 *(.config_BFC6FF54)

.config_BFC6FF58
 *(.config_BFC6FF58)

.config_BFC6FF5C
 *(.config_BFC6FF5C)

.config_BFC6FF60
 *(.config_BFC6FF60)

.config_BFC6FF64
 *(.config_BFC6FF64)

.config_BFC6FF68
 *(.config_BFC6FF68)

.config_BFC6FF6C
 *(.config_BFC6FF6C)

.config_BFC6FF70
 *(.config_BFC6FF70)

.config_BFC6FF74
 *(.config_BFC6FF74)

.config_BFC6FF78
 *(.config_BFC6FF78)

.config_BFC6FF7C
 *(.config_BFC6FF7C)

.config_BFC6FFC0
 *(.config_BFC6FFC0)

.config_BFC6FFC4
 *(.config_BFC6FFC4)

.config_BFC6FFC8
 *(.config_BFC6FFC8)

.config_BFC6FFCC
 *(.config_BFC6FFCC)

.config_BFC6FFD0
 *(.config_BFC6FFD0)

.config_BFC6FFD4
 *(.config_BFC6FFD4)

.config_BFC6FFD8
 *(.config_BFC6FFD8)

.config_BFC6FFDC
 *(.config_BFC6FFDC)

.config_BFC6FFE0
 *(.config_BFC6FFE0)

.config_BFC6FFE4
 *(.config_BFC6FFE4)

.config_BFC6FFE8
 *(.config_BFC6FFE8)

.config_BFC6FFEC
 *(.config_BFC6FFEC)

.config_BFC6FFF0
 *(.config_BFC6FFF0)

.config_BFC6FFF4
 *(.config_BFC6FFF4)

.config_BFC6FFF8
 *(.config_BFC6FFF8)

.config_BFC6FFFC
 *(.config_BFC6FFFC)

.reset          0xbfc00000      0x220
 *(.reset)
 .reset         0xbfc00000       0x18 c:/program files (x86)/microchip/xc32/v1.42/bin/bin/../../lib/gcc/pic32mx/4.8.3/../../../../pic32mx/lib/./proc/32MZ2048EFM144/crt0_mips32r2.o
                0xbfc00000                _reset
 *(.reset.startup)
 .reset.startup
                0xbfc00018      0x208 c:/program files (x86)/microchip/xc32/v1.42/bin/bin/../../lib/gcc/pic32mx/4.8.3/../../../../pic32mx/lib/./proc/32MZ2048EFM144/crt0_mips32r2.o

.bev_excpt      0xbfc00380       0x10
 *(.bev_handler)
 .bev_handler   0xbfc00380       0x10 c:/program files (x86)/microchip/xc32/v1.42/bin/bin/../../lib/gcc/pic32mx/4.8.3/../../../../pic32mx/lib/./proc/32MZ2048EFM144/crt0_mips32r2.o

.cache_init     0xbfc004b0      0x19c
 *(.cache_init)
 *(.cache_init.*)
 .cache_init.cache
                0xbfc004b0       0xc0 c:/program files (x86)/microchip/xc32/v1.42/bin/bin/../../lib/gcc/pic32mx/4.8.3/../../../../pic32mx/lib/fpu64\libpic32.a(pic32_init_cache.o)
 .cache_init.pic32_init_cache
                0xbfc00570       0xdc c:/program files (x86)/microchip/xc32/v1.42/bin/bin/../../lib/gcc/pic32mx/4.8.3/../../../../pic32mx/lib/fpu64\libpic32.a(pic32_init_cache.o)
                0xbfc00570                __pic32_init_cache

.simple_tlb_refill_excpt
                0x9fc01000       0x10
 *(.simple_tlb_refill_vector)
 .simple_tlb_refill_vector
                0x9fc01000       0x10 c:/program files (x86)/microchip/xc32/v1.42/bin/bin/../../lib/gcc/pic32mx/4.8.3/../../../../pic32mx/lib/./proc/32MZ2048EFM144/crt0_mips32r2.o

.cache_err_excpt
                0x9fc01100       0x10
 *(.cache_err_vector)
 .cache_err_vector
                0x9fc01100       0x10 c:/program files (x86)/microchip/xc32/v1.42/bin/bin/../../lib/gcc/pic32mx/4.8.3/../../../../pic32mx/lib/./proc/32MZ2048EFM144/crt0_mips32r2.o

.app_excpt      0x9fc01180       0x10
 *(.gen_handler)
 .gen_handler   0x9fc01180       0x10 c:/program files (x86)/microchip/xc32/v1.42/bin/bin/../../lib/gcc/pic32mx/4.8.3/../../../../pic32mx/lib/./proc/32MZ2048EFM144/crt0_mips32r2.o

.vectors        0x9fc01200       0x60
                0x00000218                __vector_offset_0 = DEFINED (__vector_dispatch_0)?(. - _ebase_address):__vector_offset_default
 *(.vector_0)
                0x00000218                __vector_offset_1 = DEFINED (__vector_dispatch_1)?(. - _ebase_address):__vector_offset_default
 *(.vector_1)
                0x00000218                __vector_offset_2 = DEFINED (__vector_dispatch_2)?(. - _ebase_address):__vector_offset_default
 *(.vector_2)
                0x00000218                __vector_offset_3 = DEFINED (__vector_dispatch_3)?(. - _ebase_address):__vector_offset_default
 *(.vector_3)
                0x00000218                __vector_offset_4 = DEFINED (__vector_dispatch_4)?(. - _ebase_address):__vector_offset_default
 *(.vector_4)
                0x00000218                __vector_offset_5 = DEFINED (__vector_dispatch_5)?(. - _ebase_address):__vector_offset_default
 *(.vector_5)
                0x00000218                __vector_offset_6 = DEFINED (__vector_dispatch_6)?(. - _ebase_address):__vector_offset_default
 *(.vector_6)
                0x00000218                __vector_offset_7 = DEFINED (__vector_dispatch_7)?(. - _ebase_address):__vector_offset_default
 *(.vector_7)
                0x00000218                __vector_offset_8 = DEFINED (__vector_dispatch_8)?(. - _ebase_address):__vector_offset_default
 *(.vector_8)
                0x00000200                __vector_offset_9 = DEFINED (__vector_dispatch_9)?(. - _ebase_address):__vector_offset_default
 *(.vector_9)
 .vector_9      0x9fc01200        0x8 build/daqifi_nyquist/debug/_ext/2141804971/system_interrupt.o
                0x9fc01200                __vector_dispatch_9
                0x00000218                __vector_offset_10 = DEFINED (__vector_dispatch_10)?(. - _ebase_address):__vector_offset_default
 *(.vector_10)
                0x00000218                __vector_offset_11 = DEFINED (__vector_dispatch_11)?(. - _ebase_address):__vector_offset_default
 *(.vector_11)
                0x00000218                __vector_offset_12 = DEFINED (__vector_dispatch_12)?(. - _ebase_address):__vector_offset_default
 *(.vector_12)
                0x00000218                __vector_offset_13 = DEFINED (__vector_dispatch_13)?(. - _ebase_address):__vector_offset_default
 *(.vector_13)
                0x00000218                __vector_offset_14 = DEFINED (__vector_dispatch_14)?(. - _ebase_address):__vector_offset_default
 *(.vector_14)
                0x00000218                __vector_offset_15 = DEFINED (__vector_dispatch_15)?(. - _ebase_address):__vector_offset_default
 *(.vector_15)
                0x00000218                __vector_offset_16 = DEFINED (__vector_dispatch_16)?(. - _ebase_address):__vector_offset_default
 *(.vector_16)
                0x00000218                __vector_offset_17 = DEFINED (__vector_dispatch_17)?(. - _ebase_address):__vector_offset_default
 *(.vector_17)
                0x00000218                __vector_offset_18 = DEFINED (__vector_dispatch_18)?(. - _ebase_address):__vector_offset_default
 *(.vector_18)
                0x00000218                __vector_offset_19 = DEFINED (__vector_dispatch_19)?(. - _ebase_address):__vector_offset_default
 *(.vector_19)
                0x00000218                __vector_offset_20 = DEFINED (__vector_dispatch_20)?(. - _ebase_address):__vector_offset_default
 *(.vector_20)
                0x00000218                __vector_offset_21 = DEFINED (__vector_dispatch_21)?(. - _ebase_address):__vector_offset_default
 *(.vector_21)
                0x00000218                __vector_offset_22 = DEFINED (__vector_dispatch_22)?(. - _ebase_address):__vector_offset_default
 *(.vector_22)
                0x00000218                __vector_offset_23 = DEFINED (__vector_dispatch_23)?(. - _ebase_address):__vector_offset_default
 *(.vector_23)
                0x00000218                __vector_offset_24 = DEFINED (__vector_dispatch_24)?(. - _ebase_address):__vector_offset_default
 *(.vector_24)
                0x00000218                __vector_offset_25 = DEFINED (__vector_dispatch_25)?(. - _ebase_address):__vector_offset_default
 *(.vector_25)
                0x00000218                __vector_offset_26 = DEFINED (__vector_dispatch_26)?(. - _ebase_address):__vector_offset_default
 *(.vector_26)
                0x00000218                __vector_offset_27 = DEFINED (__vector_dispatch_27)?(. - _ebase_address):__vector_offset_default
 *(.vector_27)
                0x00000218                __vector_offset_28 = DEFINED (__vector_dispatch_28)?(. - _ebase_address):__vector_offset_default
 *(.vector_28)
                0x00000218                __vector_offset_29 = DEFINED (__vector_dispatch_29)?(. - _ebase_address):__vector_offset_default
 *(.vector_29)
                0x00000218                __vector_offset_30 = DEFINED (__vector_dispatch_30)?(. - _ebase_address):__vector_offset_default
 *(.vector_30)
                0x00000218                __vector_offset_31 = DEFINED (__vector_dispatch_31)?(. - _ebase_address):__vector_offset_default
 *(.vector_31)
                0x00000218                __vector_offset_32 = DEFINED (__vector_dispatch_32)?(. - _ebase_address):__vector_offset_default
 *(.vector_32)
                0x00000218                __vector_offset_33 = DEFINED (__vector_dispatch_33)?(. - _ebase_address):__vector_offset_default
 *(.vector_33)
                0x00000218                __vector_offset_34 = DEFINED (__vector_dispatch_34)?(. - _ebase_address):__vector_offset_default
 *(.vector_34)
                0x00000218                __vector_offset_35 = DEFINED (__vector_dispatch_35)?(. - _ebase_address):__vector_offset_default
 *(.vector_35)
                0x00000218                __vector_offset_36 = DEFINED (__vector_dispatch_36)?(. - _ebase_address):__vector_offset_default
 *(.vector_36)
                0x00000218                __vector_offset_37 = DEFINED (__vector_dispatch_37)?(. - _ebase_address):__vector_offset_default
 *(.vector_37)
                0x00000218                __vector_offset_38 = DEFINED (__vector_dispatch_38)?(. - _ebase_address):__vector_offset_default
 *(.vector_38)
                0x00000218                __vector_offset_39 = DEFINED (__vector_dispatch_39)?(. - _ebase_address):__vector_offset_default
 *(.vector_39)
                0x00000218                __vector_offset_40 = DEFINED (__vector_dispatch_40)?(. - _ebase_address):__vector_offset_default
 *(.vector_40)
                0x00000218                __vector_offset_41 = DEFINED (__vector_dispatch_41)?(. - _ebase_address):__vector_offset_default
 *(.vector_41)
                0x00000218                __vector_offset_42 = DEFINED (__vector_dispatch_42)?(. - _ebase_address):__vector_offset_default
 *(.vector_42)
                0x00000218                __vector_offset_43 = DEFINED (__vector_dispatch_43)?(. - _ebase_address):__vector_offset_default
 *(.vector_43)
                0x00000218                __vector_offset_44 = DEFINED (__vector_dispatch_44)?(. - _ebase_address):__vector_offset_default
 *(.vector_44)
                0x00000218                __vector_offset_45 = DEFINED (__vector_dispatch_45)?(. - _ebase_address):__vector_offset_default
 *(.vector_45)
                0x00000218                __vector_offset_46 = DEFINED (__vector_dispatch_46)?(. - _ebase_address):__vector_offset_default
 *(.vector_46)
                0x00000218                __vector_offset_47 = DEFINED (__vector_dispatch_47)?(. - _ebase_address):__vector_offset_default
 *(.vector_47)
                0x00000218                __vector_offset_48 = DEFINED (__vector_dispatch_48)?(. - _ebase_address):__vector_offset_default
 *(.vector_48)
                0x00000218                __vector_offset_49 = DEFINED (__vector_dispatch_49)?(. - _ebase_address):__vector_offset_default
 *(.vector_49)
                0x00000218                __vector_offset_50 = DEFINED (__vector_dispatch_50)?(. - _ebase_address):__vector_offset_default
 *(.vector_50)
                0x00000218                __vector_offset_51 = DEFINED (__vector_dispatch_51)?(. - _ebase_address):__vector_offset_default
 *(.vector_51)
                0x00000218                __vector_offset_52 = DEFINED (__vector_dispatch_52)?(. - _ebase_address):__vector_offset_default
 *(.vector_52)
                0x00000218                __vector_offset_53 = DEFINED (__vector_dispatch_53)?(. - _ebase_address):__vector_offset_default
 *(.vector_53)
                0x00000218                __vector_offset_54 = DEFINED (__vector_dispatch_54)?(. - _ebase_address):__vector_offset_default
 *(.vector_54)
                0x00000218                __vector_offset_55 = DEFINED (__vector_dispatch_55)?(. - _ebase_address):__vector_offset_default
 *(.vector_55)
                0x00000218                __vector_offset_56 = DEFINED (__vector_dispatch_56)?(. - _ebase_address):__vector_offset_default
 *(.vector_56)
                0x00000218                __vector_offset_57 = DEFINED (__vector_dispatch_57)?(. - _ebase_address):__vector_offset_default
 *(.vector_57)
                0x00000218                __vector_offset_58 = DEFINED (__vector_dispatch_58)?(. - _ebase_address):__vector_offset_default
 *(.vector_58)
                0x00000218                __vector_offset_59 = DEFINED (__vector_dispatch_59)?(. - _ebase_address):__vector_offset_default
 *(.vector_59)
                0x00000218                __vector_offset_60 = DEFINED (__vector_dispatch_60)?(. - _ebase_address):__vector_offset_default
 *(.vector_60)
                0x00000218                __vector_offset_61 = DEFINED (__vector_dispatch_61)?(. - _ebase_address):__vector_offset_default
 *(.vector_61)
                0x00000218                __vector_offset_62 = DEFINED (__vector_dispatch_62)?(. - _ebase_address):__vector_offset_default
 *(.vector_62)
                0x00000218                __vector_offset_63 = DEFINED (__vector_dispatch_63)?(. - _ebase_address):__vector_offset_default
 *(.vector_63)
                0x00000218                __vector_offset_64 = DEFINED (__vector_dispatch_64)?(. - _ebase_address):__vector_offset_default
 *(.vector_64)
                0x00000218                __vector_offset_65 = DEFINED (__vector_dispatch_65)?(. - _ebase_address):__vector_offset_default
 *(.vector_65)
                0x00000218                __vector_offset_66 = DEFINED (__vector_dispatch_66)?(. - _ebase_address):__vector_offset_default
 *(.vector_66)
                0x00000218                __vector_offset_67 = DEFINED (__vector_dispatch_67)?(. - _ebase_address):__vector_offset_default
 *(.vector_67)
                0x00000218                __vector_offset_68 = DEFINED (__vector_dispatch_68)?(. - _ebase_address):__vector_offset_default
 *(.vector_68)
                0x00000218                __vector_offset_69 = DEFINED (__vector_dispatch_69)?(. - _ebase_address):__vector_offset_default
 *(.vector_69)
                0x00000218                __vector_offset_70 = DEFINED (__vector_dispatch_70)?(. - _ebase_address):__vector_offset_default
 *(.vector_70)
                0x00000218                __vector_offset_71 = DEFINED (__vector_dispatch_71)?(. - _ebase_address):__vector_offset_default
 *(.vector_71)
                0x00000218                __vector_offset_72 = DEFINED (__vector_dispatch_72)?(. - _ebase_address):__vector_offset_default
 *(.vector_72)
                0x00000218                __vector_offset_73 = DEFINED (__vector_dispatch_73)?(. - _ebase_address):__vector_offset_default
 *(.vector_73)
                0x00000218                __vector_offset_74 = DEFINED (__vector_dispatch_74)?(. - _ebase_address):__vector_offset_default
 *(.vector_74)
                0x00000218                __vector_offset_75 = DEFINED (__vector_dispatch_75)?(. - _ebase_address):__vector_offset_default
 *(.vector_75)
                0x00000218                __vector_offset_76 = DEFINED (__vector_dispatch_76)?(. - _ebase_address):__vector_offset_default
 *(.vector_76)
                0x00000218                __vector_offset_77 = DEFINED (__vector_dispatch_77)?(. - _ebase_address):__vector_offset_default
 *(.vector_77)
                0x00000218                __vector_offset_78 = DEFINED (__vector_dispatch_78)?(. - _ebase_address):__vector_offset_default
 *(.vector_78)
                0x00000218                __vector_offset_79 = DEFINED (__vector_dispatch_79)?(. - _ebase_address):__vector_offset_default
 *(.vector_79)
                0x00000218                __vector_offset_80 = DEFINED (__vector_dispatch_80)?(. - _ebase_address):__vector_offset_default
 *(.vector_80)
                0x00000218                __vector_offset_81 = DEFINED (__vector_dispatch_81)?(. - _ebase_address):__vector_offset_default
 *(.vector_81)
                0x00000218                __vector_offset_82 = DEFINED (__vector_dispatch_82)?(. - _ebase_address):__vector_offset_default
 *(.vector_82)
                0x00000218                __vector_offset_83 = DEFINED (__vector_dispatch_83)?(. - _ebase_address):__vector_offset_default
 *(.vector_83)
                0x00000218                __vector_offset_84 = DEFINED (__vector_dispatch_84)?(. - _ebase_address):__vector_offset_default
 *(.vector_84)
                0x00000218                __vector_offset_85 = DEFINED (__vector_dispatch_85)?(. - _ebase_address):__vector_offset_default
 *(.vector_85)
                0x00000218                __vector_offset_86 = DEFINED (__vector_dispatch_86)?(. - _ebase_address):__vector_offset_default
 *(.vector_86)
                0x00000218                __vector_offset_87 = DEFINED (__vector_dispatch_87)?(. - _ebase_address):__vector_offset_default
 *(.vector_87)
                0x00000218                __vector_offset_88 = DEFINED (__vector_dispatch_88)?(. - _ebase_address):__vector_offset_default
 *(.vector_88)
                0x00000218                __vector_offset_89 = DEFINED (__vector_dispatch_89)?(. - _ebase_address):__vector_offset_default
 *(.vector_89)
                0x00000218                __vector_offset_90 = DEFINED (__vector_dispatch_90)?(. - _ebase_address):__vector_offset_default
 *(.vector_90)
                0x00000218                __vector_offset_91 = DEFINED (__vector_dispatch_91)?(. - _ebase_address):__vector_offset_default
 *(.vector_91)
                0x00000218                __vector_offset_92 = DEFINED (__vector_dispatch_92)?(. - _ebase_address):__vector_offset_default
 *(.vector_92)
                0x00000218                __vector_offset_93 = DEFINED (__vector_dispatch_93)?(. - _ebase_address):__vector_offset_default
 *(.vector_93)
                0x00000218                __vector_offset_94 = DEFINED (__vector_dispatch_94)?(. - _ebase_address):__vector_offset_default
 *(.vector_94)
                0x00000218                __vector_offset_95 = DEFINED (__vector_dispatch_95)?(. - _ebase_address):__vector_offset_default
 *(.vector_95)
                0x00000218                __vector_offset_96 = DEFINED (__vector_dispatch_96)?(. - _ebase_address):__vector_offset_default
 *(.vector_96)
                0x00000218                __vector_offset_97 = DEFINED (__vector_dispatch_97)?(. - _ebase_address):__vector_offset_default
 *(.vector_97)
                0x00000218                __vector_offset_98 = DEFINED (__vector_dispatch_98)?(. - _ebase_address):__vector_offset_default
 *(.vector_98)
                0x00000218                __vector_offset_99 = DEFINED (__vector_dispatch_99)?(. - _ebase_address):__vector_offset_default
 *(.vector_99)
                0x00000218                __vector_offset_100 = DEFINED (__vector_dispatch_100)?(. - _ebase_address):__vector_offset_default
 *(.vector_100)
                0x00000218                __vector_offset_101 = DEFINED (__vector_dispatch_101)?(. - _ebase_address):__vector_offset_default
 *(.vector_101)
                0x00000218                __vector_offset_102 = DEFINED (__vector_dispatch_102)?(. - _ebase_address):__vector_offset_default
 *(.vector_102)
                0x00000218                __vector_offset_103 = DEFINED (__vector_dispatch_103)?(. - _ebase_address):__vector_offset_default
 *(.vector_103)
                0x00000218                __vector_offset_104 = DEFINED (__vector_dispatch_104)?(. - _ebase_address):__vector_offset_default
 *(.vector_104)
                0x00000218                __vector_offset_105 = DEFINED (__vector_dispatch_105)?(. - _ebase_address):__vector_offset_default
 *(.vector_105)
                0x00000218                __vector_offset_106 = DEFINED (__vector_dispatch_106)?(. - _ebase_address):__vector_offset_default
 *(.vector_106)
                0x00000218                __vector_offset_107 = DEFINED (__vector_dispatch_107)?(. - _ebase_address):__vector_offset_default
 *(.vector_107)
                0x00000218                __vector_offset_108 = DEFINED (__vector_dispatch_108)?(. - _ebase_address):__vector_offset_default
 *(.vector_108)
                0x00000218                __vector_offset_109 = DEFINED (__vector_dispatch_109)?(. - _ebase_address):__vector_offset_default
 *(.vector_109)
                0x00000218                __vector_offset_110 = DEFINED (__vector_dispatch_110)?(. - _ebase_address):__vector_offset_default
 *(.vector_110)
                0x00000218                __vector_offset_111 = DEFINED (__vector_dispatch_111)?(. - _ebase_address):__vector_offset_default
 *(.vector_111)
                0x00000218                __vector_offset_112 = DEFINED (__vector_dispatch_112)?(. - _ebase_address):__vector_offset_default
 *(.vector_112)
                0x00000218                __vector_offset_113 = DEFINED (__vector_dispatch_113)?(. - _ebase_address):__vector_offset_default
 *(.vector_113)
                0x00000218                __vector_offset_114 = DEFINED (__vector_dispatch_114)?(. - _ebase_address):__vector_offset_default
 *(.vector_114)
                0x00000218                __vector_offset_115 = DEFINED (__vector_dispatch_115)?(. - _ebase_address):__vector_offset_default
 *(.vector_115)
                0x00000218                __vector_offset_116 = DEFINED (__vector_dispatch_116)?(. - _ebase_address):__vector_offset_default
 *(.vector_116)
                0x00000218                __vector_offset_117 = DEFINED (__vector_dispatch_117)?(. - _ebase_address):__vector_offset_default
 *(.vector_117)
                0x00000218                __vector_offset_118 = DEFINED (__vector_dispatch_118)?(. - _ebase_address):__vector_offset_default
 *(.vector_118)
                0x00000218                __vector_offset_119 = DEFINED (__vector_dispatch_119)?(. - _ebase_address):__vector_offset_default
 *(.vector_119)
                0x00000218                __vector_offset_120 = DEFINED (__vector_dispatch_120)?(. - _ebase_address):__vector_offset_default
 *(.vector_120)
                0x00000218                __vector_offset_121 = DEFINED (__vector_dispatch_121)?(. - _ebase_address):__vector_offset_default
 *(.vector_121)
                0x00000218                __vector_offset_122 = DEFINED (__vector_dispatch_122)?(. - _ebase_address):__vector_offset_default
 *(.vector_122)
                0x00000218                __vector_offset_123 = DEFINED (__vector_dispatch_123)?(. - _ebase_address):__vector_offset_default
 *(.vector_123)
                0x00000218                __vector_offset_124 = DEFINED (__vector_dispatch_124)?(. - _ebase_address):__vector_offset_default
 *(.vector_124)
                0x00000218                __vector_offset_125 = DEFINED (__vector_dispatch_125)?(. - _ebase_address):__vector_offset_default
 *(.vector_125)
                0x00000218                __vector_offset_126 = DEFINED (__vector_dispatch_126)?(. - _ebase_address):__vector_offset_default
 *(.vector_126)
                0x00000218                __vector_offset_127 = DEFINED (__vector_dispatch_127)?(. - _ebase_address):__vector_offset_default
 *(.vector_127)
                0x00000218                __vector_offset_128 = DEFINED (__vector_dispatch_128)?(. - _ebase_address):__vector_offset_default
 *(.vector_128)
                0x00000218                __vector_offset_129 = DEFINED (__vector_dispatch_129)?(. - _ebase_address):__vector_offset_default
 *(.vector_129)
                0x00000218                __vector_offset_130 = DEFINED (__vector_dispatch_130)?(. - _ebase_address):__vector_offset_default
 *(.vector_130)
                0x00000218                __vector_offset_131 = DEFINED (__vector_dispatch_131)?(. - _ebase_address):__vector_offset_default
 *(.vector_131)
                0x00000208                __vector_offset_132 = DEFINED (__vector_dispatch_132)?(. - _ebase_address):__vector_offset_default
 *(.vector_132)
 .vector_132    0x9fc01208        0x8 build/daqifi_nyquist/debug/_ext/2141804971/system_interrupt.o
                0x9fc01208                __vector_dispatch_132
                0x00000210                __vector_offset_133 = DEFINED (__vector_dispatch_133)?(. - _ebase_address):__vector_offset_default
 *(.vector_133)
 .vector_133    0x9fc01210        0x8 build/daqifi_nyquist/debug/_ext/2141804971/system_interrupt.o
                0x9fc01210                __vector_dispatch_133
                0x00000218                __vector_offset_134 = DEFINED (__vector_dispatch_134)?(. - _ebase_address):__vector_offset_default
 *(.vector_134)
                0x00000218                __vector_offset_135 = DEFINED (__vector_dispatch_135)?(. - _ebase_address):__vector_offset_default
 *(.vector_135)
                0x00000218                __vector_offset_136 = DEFINED (__vector_dispatch_136)?(. - _ebase_address):__vector_offset_default
 *(.vector_136)
                0x00000218                __vector_offset_137 = DEFINED (__vector_dispatch_137)?(. - _ebase_address):__vector_offset_default
 *(.vector_137)
                0x00000218                __vector_offset_138 = DEFINED (__vector_dispatch_138)?(. - _ebase_address):__vector_offset_default
 *(.vector_138)
                0x00000218                __vector_offset_139 = DEFINED (__vector_dispatch_139)?(. - _ebase_address):__vector_offset_default
 *(.vector_139)
                0x00000218                __vector_offset_140 = DEFINED (__vector_dispatch_140)?(. - _ebase_address):__vector_offset_default
 *(.vector_140)
                0x00000218                __vector_offset_141 = DEFINED (__vector_dispatch_141)?(. - _ebase_address):__vector_offset_default
 *(.vector_141)
                0x00000218                __vector_offset_142 = DEFINED (__vector_dispatch_142)?(. - _ebase_address):__vector_offset_default
 *(.vector_142)
                0x00000218                __vector_offset_143 = DEFINED (__vector_dispatch_143)?(. - _ebase_address):__vector_offset_default
 *(.vector_143)
                0x00000218                __vector_offset_144 = DEFINED (__vector_dispatch_144)?(. - _ebase_address):__vector_offset_default
 *(.vector_144)
                0x00000218                __vector_offset_145 = DEFINED (__vector_dispatch_145)?(. - _ebase_address):__vector_offset_default
 *(.vector_145)
                0x00000218                __vector_offset_146 = DEFINED (__vector_dispatch_146)?(. - _ebase_address):__vector_offset_default
 *(.vector_146)
                0x00000218                __vector_offset_147 = DEFINED (__vector_dispatch_147)?(. - _ebase_address):__vector_offset_default
 *(.vector_147)
                0x00000218                __vector_offset_148 = DEFINED (__vector_dispatch_148)?(. - _ebase_address):__vector_offset_default
 *(.vector_148)
                0x00000218                __vector_offset_149 = DEFINED (__vector_dispatch_149)?(. - _ebase_address):__vector_offset_default
 *(.vector_149)
                0x00000218                __vector_offset_150 = DEFINED (__vector_dispatch_150)?(. - _ebase_address):__vector_offset_default
 *(.vector_150)
                0x00000218                __vector_offset_151 = DEFINED (__vector_dispatch_151)?(. - _ebase_address):__vector_offset_default
 *(.vector_151)
                0x00000218                __vector_offset_152 = DEFINED (__vector_dispatch_152)?(. - _ebase_address):__vector_offset_default
 *(.vector_152)
                0x00000218                __vector_offset_153 = DEFINED (__vector_dispatch_153)?(. - _ebase_address):__vector_offset_default
 *(.vector_153)
                0x00000218                __vector_offset_154 = DEFINED (__vector_dispatch_154)?(. - _ebase_address):__vector_offset_default
 *(.vector_154)
                0x00000218                __vector_offset_155 = DEFINED (__vector_dispatch_155)?(. - _ebase_address):__vector_offset_default
 *(.vector_155)
                0x00000218                __vector_offset_156 = DEFINED (__vector_dispatch_156)?(. - _ebase_address):__vector_offset_default
 *(.vector_156)
                0x00000218                __vector_offset_157 = DEFINED (__vector_dispatch_157)?(. - _ebase_address):__vector_offset_default
 *(.vector_157)
                0x00000218                __vector_offset_158 = DEFINED (__vector_dispatch_158)?(. - _ebase_address):__vector_offset_default
 *(.vector_158)
                0x00000218                __vector_offset_159 = DEFINED (__vector_dispatch_159)?(. - _ebase_address):__vector_offset_default
 *(.vector_159)
                0x00000218                __vector_offset_160 = DEFINED (__vector_dispatch_160)?(. - _ebase_address):__vector_offset_default
 *(.vector_160)
                0x00000218                __vector_offset_161 = DEFINED (__vector_dispatch_161)?(. - _ebase_address):__vector_offset_default
 *(.vector_161)
                0x00000218                __vector_offset_162 = DEFINED (__vector_dispatch_162)?(. - _ebase_address):__vector_offset_default
 *(.vector_162)
                0x00000218                __vector_offset_163 = DEFINED (__vector_dispatch_163)?(. - _ebase_address):__vector_offset_default
 *(.vector_163)
                0x00000218                __vector_offset_164 = DEFINED (__vector_dispatch_164)?(. - _ebase_address):__vector_offset_default
 *(.vector_164)
                0x00000218                __vector_offset_165 = DEFINED (__vector_dispatch_165)?(. - _ebase_address):__vector_offset_default
 *(.vector_165)
                0x00000218                __vector_offset_166 = DEFINED (__vector_dispatch_166)?(. - _ebase_address):__vector_offset_default
 *(.vector_166)
                0x00000218                __vector_offset_167 = DEFINED (__vector_dispatch_167)?(. - _ebase_address):__vector_offset_default
 *(.vector_167)
                0x00000218                __vector_offset_168 = DEFINED (__vector_dispatch_168)?(. - _ebase_address):__vector_offset_default
 *(.vector_168)
                0x00000218                __vector_offset_169 = DEFINED (__vector_dispatch_169)?(. - _ebase_address):__vector_offset_default
 *(.vector_169)
                0x00000218                __vector_offset_170 = DEFINED (__vector_dispatch_170)?(. - _ebase_address):__vector_offset_default
 *(.vector_170)
                0x00000218                __vector_offset_171 = DEFINED (__vector_dispatch_171)?(. - _ebase_address):__vector_offset_default
 *(.vector_171)
                0x00000218                __vector_offset_172 = DEFINED (__vector_dispatch_172)?(. - _ebase_address):__vector_offset_default
 *(.vector_172)
                0x00000218                __vector_offset_173 = DEFINED (__vector_dispatch_173)?(. - _ebase_address):__vector_offset_default
 *(.vector_173)
                0x00000218                __vector_offset_174 = DEFINED (__vector_dispatch_174)?(. - _ebase_address):__vector_offset_default
 *(.vector_174)
                0x00000218                __vector_offset_175 = DEFINED (__vector_dispatch_175)?(. - _ebase_address):__vector_offset_default
 *(.vector_175)
                0x00000218                __vector_offset_176 = DEFINED (__vector_dispatch_176)?(. - _ebase_address):__vector_offset_default
 *(.vector_176)
                0x00000218                __vector_offset_177 = DEFINED (__vector_dispatch_177)?(. - _ebase_address):__vector_offset_default
 *(.vector_177)
                0x00000218                __vector_offset_178 = DEFINED (__vector_dispatch_178)?(. - _ebase_address):__vector_offset_default
 *(.vector_178)
                0x00000218                __vector_offset_179 = DEFINED (__vector_dispatch_179)?(. - _ebase_address):__vector_offset_default
 *(.vector_179)
                0x00000218                __vector_offset_180 = DEFINED (__vector_dispatch_180)?(. - _ebase_address):__vector_offset_default
 *(.vector_180)
                0x00000218                __vector_offset_181 = DEFINED (__vector_dispatch_181)?(. - _ebase_address):__vector_offset_default
 *(.vector_181)
                0x00000218                __vector_offset_182 = DEFINED (__vector_dispatch_182)?(. - _ebase_address):__vector_offset_default
 *(.vector_182)
                0x00000218                __vector_offset_183 = DEFINED (__vector_dispatch_183)?(. - _ebase_address):__vector_offset_default
 *(.vector_183)
                0x00000218                __vector_offset_184 = DEFINED (__vector_dispatch_184)?(. - _ebase_address):__vector_offset_default
 *(.vector_184)
                0x00000218                __vector_offset_185 = DEFINED (__vector_dispatch_185)?(. - _ebase_address):__vector_offset_default
 *(.vector_185)
                0x00000218                __vector_offset_186 = DEFINED (__vector_dispatch_186)?(. - _ebase_address):__vector_offset_default
 *(.vector_186)
                0x00000218                __vector_offset_187 = DEFINED (__vector_dispatch_187)?(. - _ebase_address):__vector_offset_default
 *(.vector_187)
                0x00000218                __vector_offset_188 = DEFINED (__vector_dispatch_188)?(. - _ebase_address):__vector_offset_default
 *(.vector_188)
                0x00000218                __vector_offset_189 = DEFINED (__vector_dispatch_189)?(. - _ebase_address):__vector_offset_default
 *(.vector_189)
                0x00000218                __vector_offset_190 = DEFINED (__vector_dispatch_190)?(. - _ebase_address):__vector_offset_default
 *(.vector_190)
                0x00000218                __vector_offset_191 = DEFINED (__vector_dispatch_191)?(. - _ebase_address):__vector_offset_default
 *(.vector_191)
                0x00000218                __vector_offset_192 = DEFINED (__vector_dispatch_192)?(. - _ebase_address):__vector_offset_default
 *(.vector_192)
                0x00000218                __vector_offset_193 = DEFINED (__vector_dispatch_193)?(. - _ebase_address):__vector_offset_default
 *(.vector_193)
                0x00000218                __vector_offset_194 = DEFINED (__vector_dispatch_194)?(. - _ebase_address):__vector_offset_default
 *(.vector_194)
                0x00000218                __vector_offset_195 = DEFINED (__vector_dispatch_195)?(. - _ebase_address):__vector_offset_default
 *(.vector_195)
                0x00000218                __vector_offset_196 = DEFINED (__vector_dispatch_196)?(. - _ebase_address):__vector_offset_default
 *(.vector_196)
                0x00000218                __vector_offset_197 = DEFINED (__vector_dispatch_197)?(. - _ebase_address):__vector_offset_default
 *(.vector_197)
                0x00000218                __vector_offset_198 = DEFINED (__vector_dispatch_198)?(. - _ebase_address):__vector_offset_default
 *(.vector_198)
                0x00000218                __vector_offset_199 = DEFINED (__vector_dispatch_199)?(. - _ebase_address):__vector_offset_default
 *(.vector_199)
                0x00000218                __vector_offset_200 = DEFINED (__vector_dispatch_200)?(. - _ebase_address):__vector_offset_default
 *(.vector_200)
                0x00000218                __vector_offset_201 = DEFINED (__vector_dispatch_201)?(. - _ebase_address):__vector_offset_default
 *(.vector_201)
                0x00000218                __vector_offset_202 = DEFINED (__vector_dispatch_202)?(. - _ebase_address):__vector_offset_default
 *(.vector_202)
                0x00000218                __vector_offset_203 = DEFINED (__vector_dispatch_203)?(. - _ebase_address):__vector_offset_default
 *(.vector_203)
                0x00000218                __vector_offset_204 = DEFINED (__vector_dispatch_204)?(. - _ebase_address):__vector_offset_default
 *(.vector_204)
                0x00000218                __vector_offset_205 = DEFINED (__vector_dispatch_205)?(. - _ebase_address):__vector_offset_default
 *(.vector_205)
                0x00000218                __vector_offset_206 = DEFINED (__vector_dispatch_206)?(. - _ebase_address):__vector_offset_default
 *(.vector_206)
                0x00000218                __vector_offset_207 = DEFINED (__vector_dispatch_207)?(. - _ebase_address):__vector_offset_default
 *(.vector_207)
                0x00000218                __vector_offset_208 = DEFINED (__vector_dispatch_208)?(. - _ebase_address):__vector_offset_default
 *(.vector_208)
                0x00000218                __vector_offset_209 = DEFINED (__vector_dispatch_209)?(. - _ebase_address):__vector_offset_default
 *(.vector_209)
                0x00000218                __vector_offset_210 = DEFINED (__vector_dispatch_210)?(. - _ebase_address):__vector_offset_default
 *(.vector_210)
                0x00000218                __vector_offset_211 = DEFINED (__vector_dispatch_211)?(. - _ebase_address):__vector_offset_default
 *(.vector_211)
                0x00000218                __vector_offset_212 = DEFINED (__vector_dispatch_212)?(. - _ebase_address):__vector_offset_default
 *(.vector_212)
                0x00000218                __vector_offset_213 = DEFINED (__vector_dispatch_213)?(. - _ebase_address):__vector_offset_default
 *(.vector_213)
                0x00000218                __vector_offset_214 = DEFINED (__vector_dispatch_214)?(. - _ebase_address):__vector_offset_default
 *(.vector_214)
                0x00000218                __vector_offset_215 = DEFINED (__vector_dispatch_215)?(. - _ebase_address):__vector_offset_default
 *(.vector_215)
                0x00000218                __vector_offset_216 = DEFINED (__vector_dispatch_216)?(. - _ebase_address):__vector_offset_default
 *(.vector_216)
                0x00000218                __vector_offset_217 = DEFINED (__vector_dispatch_217)?(. - _ebase_address):__vector_offset_default
 *(.vector_217)
                0x00000218                __vector_offset_218 = DEFINED (__vector_dispatch_218)?(. - _ebase_address):__vector_offset_default
 *(.vector_218)
                0x00000218                __vector_offset_219 = DEFINED (__vector_dispatch_219)?(. - _ebase_address):__vector_offset_default
 *(.vector_219)
                0x00000218                __vector_offset_220 = DEFINED (__vector_dispatch_220)?(. - _ebase_address):__vector_offset_default
 *(.vector_220)
                0x00000218                __vector_offset_221 = DEFINED (__vector_dispatch_221)?(. - _ebase_address):__vector_offset_default
 *(.vector_221)
                0x00000218                __vector_offset_222 = DEFINED (__vector_dispatch_222)?(. - _ebase_address):__vector_offset_default
 *(.vector_222)
                0x00000218                __vector_offset_223 = DEFINED (__vector_dispatch_223)?(. - _ebase_address):__vector_offset_default
 *(.vector_223)
                0x00000218                __vector_offset_224 = DEFINED (__vector_dispatch_224)?(. - _ebase_address):__vector_offset_default
 *(.vector_224)
                0x00000218                __vector_offset_225 = DEFINED (__vector_dispatch_225)?(. - _ebase_address):__vector_offset_default
 *(.vector_225)
                0x00000218                __vector_offset_226 = DEFINED (__vector_dispatch_226)?(. - _ebase_address):__vector_offset_default
 *(.vector_226)
                0x00000218                __vector_offset_227 = DEFINED (__vector_dispatch_227)?(. - _ebase_address):__vector_offset_default
 *(.vector_227)
                0x00000218                __vector_offset_228 = DEFINED (__vector_dispatch_228)?(. - _ebase_address):__vector_offset_default
 *(.vector_228)
                0x00000218                __vector_offset_229 = DEFINED (__vector_dispatch_229)?(. - _ebase_address):__vector_offset_default
 *(.vector_229)
                0x00000218                __vector_offset_230 = DEFINED (__vector_dispatch_230)?(. - _ebase_address):__vector_offset_default
 *(.vector_230)
                0x00000218                __vector_offset_231 = DEFINED (__vector_dispatch_231)?(. - _ebase_address):__vector_offset_default
 *(.vector_231)
                0x00000218                __vector_offset_232 = DEFINED (__vector_dispatch_232)?(. - _ebase_address):__vector_offset_default
 *(.vector_232)
                0x00000218                __vector_offset_233 = DEFINED (__vector_dispatch_233)?(. - _ebase_address):__vector_offset_default
 *(.vector_233)
                0x00000218                __vector_offset_234 = DEFINED (__vector_dispatch_234)?(. - _ebase_address):__vector_offset_default
 *(.vector_234)
                0x00000218                __vector_offset_235 = DEFINED (__vector_dispatch_235)?(. - _ebase_address):__vector_offset_default
 *(.vector_235)
                0x00000218                __vector_offset_236 = DEFINED (__vector_dispatch_236)?(. - _ebase_address):__vector_offset_default
 *(.vector_236)
                0x00000218                __vector_offset_237 = DEFINED (__vector_dispatch_237)?(. - _ebase_address):__vector_offset_default
 *(.vector_237)
                0x00000218                __vector_offset_238 = DEFINED (__vector_dispatch_238)?(. - _ebase_address):__vector_offset_default
 *(.vector_238)
                0x00000218                __vector_offset_239 = DEFINED (__vector_dispatch_239)?(. - _ebase_address):__vector_offset_default
 *(.vector_239)
                0x00000218                __vector_offset_240 = DEFINED (__vector_dispatch_240)?(. - _ebase_address):__vector_offset_default
 *(.vector_240)
                0x00000218                __vector_offset_241 = DEFINED (__vector_dispatch_241)?(. - _ebase_address):__vector_offset_default
 *(.vector_241)
                0x00000218                __vector_offset_242 = DEFINED (__vector_dispatch_242)?(. - _ebase_address):__vector_offset_default
 *(.vector_242)
                0x00000218                __vector_offset_243 = DEFINED (__vector_dispatch_243)?(. - _ebase_address):__vector_offset_default
 *(.vector_243)
                0x00000218                __vector_offset_244 = DEFINED (__vector_dispatch_244)?(. - _ebase_address):__vector_offset_default
 *(.vector_244)
                0x00000218                __vector_offset_245 = DEFINED (__vector_dispatch_245)?(. - _ebase_address):__vector_offset_default
 *(.vector_245)
                0x00000218                __vector_offset_246 = DEFINED (__vector_dispatch_246)?(. - _ebase_address):__vector_offset_default
 *(.vector_246)
                0x00000218                __vector_offset_247 = DEFINED (__vector_dispatch_247)?(. - _ebase_address):__vector_offset_default
 *(.vector_247)
                0x00000218                __vector_offset_248 = DEFINED (__vector_dispatch_248)?(. - _ebase_address):__vector_offset_default
 *(.vector_248)
                0x00000218                __vector_offset_249 = DEFINED (__vector_dispatch_249)?(. - _ebase_address):__vector_offset_default
 *(.vector_249)
                0x00000218                __vector_offset_250 = DEFINED (__vector_dispatch_250)?(. - _ebase_address):__vector_offset_default
 *(.vector_250)
                0x00000218                __vector_offset_251 = DEFINED (__vector_dispatch_251)?(. - _ebase_address):__vector_offset_default
 *(.vector_251)
                0x00000218                __vector_offset_252 = DEFINED (__vector_dispatch_252)?(. - _ebase_address):__vector_offset_default
 *(.vector_252)
                0x00000218                __vector_offset_253 = DEFINED (__vector_dispatch_253)?(. - _ebase_address):__vector_offset_default
 *(.vector_253)
                0x00000218                __vector_offset_254 = DEFINED (__vector_dispatch_254)?(. - _ebase_address):__vector_offset_default
 *(.vector_254)
                0x00000218                __vector_offset_255 = DEFINED (__vector_dispatch_255)?(. - _ebase_address):__vector_offset_default
 *(.vector_255)
                0x00000218                __vector_offset_default = (. - _ebase_address)
 *(.vector_default)
 .vector_default
                0x9fc01218       0x48 c:/program files (x86)/microchip/xc32/v1.42/bin/bin/../../lib/gcc/pic32mx/4.8.3/../../../../pic32mx/lib/fpu64\libpic32.a(defaultinterrupt.o)
                0x9fc01218                _DefaultInterrupt

.startup
 *(.startup)

.text           0x9fc01260        0x0
 *(.stub .gnu.linkonce.t.*)
 *(.text.*personality*)
 *(.mips16.fn.*)
 *(.mips16.call.*)
 *(.gnu.warning)
                0x9fc01260                . = ALIGN (0x4)

.init           0x9fc01260        0x0
 *crti.o(.init)
 *crtbegin.o(.init)
 *(EXCLUDE_FILE(*crtn.o *crtend?.o *crtend.o) .init)
 *crtend.o(.init)
 *crtn.o(.init)
                0x9fc01260                . = ALIGN (0x4)

.fini           0x9fc01260        0x0
 *(.fini)
                0x9fc01260                . = ALIGN (0x4)

.preinit_array  0x9fc01260        0x0
                0x9fc01260                PROVIDE (__preinit_array_start, .)
 *(.preinit_array)
                0x9fc01260                PROVIDE (__preinit_array_end, .)
                0x9fc01260                . = ALIGN (0x4)

.init_array     0x9fc01260        0x0
                0x9fc01260                PROVIDE (__init_array_start, .)
 *(SORT(.init_array.*))
 *(.init_array)
                0x9fc01260                PROVIDE (__init_array_end, .)
                0x9fc01260                . = ALIGN (0x4)

.fini_array     0x9fc01260        0x0
                0x9fc01260                PROVIDE (__fini_array_start, .)
 *(SORT(.fini_array.*))
 *(.fini_array)
                0x9fc01260                PROVIDE (__fini_array_end, .)
                0x9fc01260                . = ALIGN (0x4)

.ctors          0x9fc01260        0x0
 *crtbegin.o(.ctors)
 *crtbegin?.o(.ctors)
 *(EXCLUDE_FILE(*crtend?.o *crtend.o) .ctors)
 *(SORT(.ctors.*))
 *(.ctors)
                0x9fc01260                . = ALIGN (0x4)

.dtors          0x9fc01260        0x0
 *crtbegin.o(.dtors)
 *crtbegin?.o(.dtors)
 *(EXCLUDE_FILE(*crtend?.o *crtend.o) .dtors)
 *(SORT(.dtors.*))
 *(.dtors)
                0x9fc01260                . = ALIGN (0x4)

.rodata         0x9fc01260        0x0
 *(.gnu.linkonce.r.*)
 *(.rodata1)
                0x9fc01260                . = ALIGN (0x4)

.sdata2         0x9fc004b0        0x0
 *(.sdata2 .sdata2.* .gnu.linkonce.s2.*)
                0x9fc004b0                . = ALIGN (0x4)

.sbss2          0x9fc004b0        0x0
 *(.sbss2 .sbss2.* .gnu.linkonce.sb2.*)
                0x9fc004b0                . = ALIGN (0x4)

.eh_frame_hdr
 *(.eh_frame_hdr)
                0x9fc004b0                . = ALIGN (0x4)

.eh_frame
 *(.eh_frame)
                0x9fc004b0                . = ALIGN (0x4)

.gcc_except_table
 *(.gcc_except_table .gcc_except_table.*)
                0x9fc004b0                . = ALIGN (0x4)

.dbg_data       0x80000380        0x0
                0x80000380                . = (. + DEFINED (_DEBUGGER)?0x200:0x0)
                0x80000380                . = (. + DEFINED (_DEBUGGER)?0x80:0x0)

.jcr            0x80000380        0x0
 *(.jcr)
                0x80000380                . = ALIGN (0x4)

.eh_frame
 *(.eh_frame)
                0x80000380                . = ALIGN (0x4)

.gcc_except_table
 *(.gcc_except_table .gcc_except_table.*)
                0x80000380                . = ALIGN (0x4)

.persist        0x80000380        0x0
                0x80000380                _persist_begin = .
 *(.persist .persist.*)
 *(.pbss .pbss.*)
                0x80000380                . = ALIGN (0x4)
                0x80000380                _persist_end = .

.data           0x80000380        0x0
 *(.gnu.linkonce.d.*)
 *(.data1)
                0x80000380                . = ALIGN (0x4)
                0x80000380                . = .
                0x80008370                _gp = (ALIGN (0x10) + 0x7ff0)

.got            0x80000380        0x0
 *(.got.plt)
 *(.got)
                0x80000380                . = ALIGN (0x4)

.sdata          0x80000380       0x24
                0x80000380                _sdata_begin = .
 *(.sdata .sdata.* .gnu.linkonce.s.*)
 .sdata         0x80000380       0x24 c:/program files (x86)/microchip/xc32/v1.42/bin/bin/../../lib/gcc/pic32mx/4.8.3/../../../../pic32mx/lib/fpu64\libpic32.a(pic32_init_cache.o)
                0x80000380                __pic32_icache_size
                0x80000384                __pic32_icache_linesize
                0x80000388                __pic32_icache_ways
                0x8000038c                __pic32_dcache_size
                0x80000390                __pic32_dcache_linesize
                0x80000394                __pic32_dcache_ways
                0x80000398                __pic32_scache_size
                0x8000039c                __pic32_scache_linesize
                0x800003a0                __pic32_scache_ways
                0x800003a4                . = ALIGN (0x4)
                0x800003a4                _sdata_end = .

.lit8
 *(.lit8)

.lit4
 *(.lit4)
                0x800003a4                . = ALIGN (0x4)
                0x800003a4                _data_end = .
                0x800003a4                _bss_begin = .

.sbss           0x800003a4       0x68
                0x800003a4                _sbss_begin = .
 *(.dynsbss)
 *(.sbss .sbss.* .gnu.linkonce.sb.*)
 .sbss          0x800003a4        0xc build/daqifi_nyquist/debug/_ext/2141804971/system_exceptions.o
 .sbss          0x800003b0       0x14 build/daqifi_nyquist/debug/_ext/1360937237/app.o
                0x800003bc                g_timerCount
                0x800003c0                bootloaderDownloading
                0x800003c1                bootloaderConnected
                0x800003c2                forceBootloader
 .sbss          0x800003c4        0x1 build/daqifi_nyquist/debug/_ext/615392287/datastream.o
 .sbss          0x800003c5        0x1 build/daqifi_nyquist/debug/_ext/615392287/datastream_usb_hid.o
                0x800003c5                readRequest
 *fill*         0x800003c6        0x2 
 .sbss          0x800003c8        0x4 build/daqifi_nyquist/debug/_ext/941160041/drv_tmr.o
 .sbss          0x800003cc        0x1 build/daqifi_nyquist/debug/_ext/2136608937/usb_device_hid.o
 *(.scommon)
 *fill*         0x800003cd        0x3 
 .scommon       0x800003d0       0x28 build/daqifi_nyquist/debug/_ext/371503188/sys_clk_static.o
                0x800003d0                _context
                0x800003d4                _txMaxSize
                0x800003d8                _rxCurSize
                0x800003dc                _bufferHandle
                0x800003e0                _txCurPos
                0x800003e4                handler
                0x800003e8                _txBuffer
                0x800003ec                _rxBuffer
                0x800003f0                _rxMaxSize
                0x800003f4                currDir
 .scommon       0x800003f8        0x0 build/daqifi_nyquist/debug/_ext/2141804971/system_init.o
 .scommon       0x800003f8        0x0 build/daqifi_nyquist/debug/_ext/2141804971/system_interrupt.o
 .scommon       0x800003f8        0x0 build/daqifi_nyquist/debug/_ext/2141804971/system_exceptions.o
 .scommon       0x800003f8        0x0 build/daqifi_nyquist/debug/_ext/2141804971/system_tasks.o
 .scommon       0x800003f8        0x0 build/daqifi_nyquist/debug/_ext/1360937237/app.o
 .scommon       0x800003f8        0x4 build/daqifi_nyquist/debug/_ext/615392287/datastream.o
                0x800003f8                datastreamModule
 .scommon       0x800003fc        0x2 build/daqifi_nyquist/debug/_ext/615392287/datastream_usb_hid.o
                0x800003fc                DataReceived
                0x800003fd                DataSent
 .scommon       0x800003fe        0x0 build/daqifi_nyquist/debug/_ext/686445382/bootloader.o
 .scommon       0x800003fe        0x0 build/daqifi_nyquist/debug/_ext/941160041/drv_tmr.o
 *fill*         0x800003fe        0x2 
 .scommon       0x80000400        0x8 build/daqifi_nyquist/debug/_ext/482662494/sys_devcon.o
                0x80000400                sysDevconObj
 .scommon       0x80000408        0x2 build/daqifi_nyquist/debug/_ext/2136608937/usb_device_hid.o
                0x80000408                gUSBDeviceHidCommonDataObj
                0x8000040a                _sbss_end = .
                0x8000040c                . = ALIGN (0x4)
 *fill*         0x8000040a        0x2 

.bss            0x8000040c      0x184
 *(.dynbss)
 *(COMMON)
 COMMON         0x8000040c       0x14 build/daqifi_nyquist/debug/_ext/2141804971/system_init.o
                0x8000040c                sysObj
 COMMON         0x80000420      0x100 build/daqifi_nyquist/debug/_ext/179651966/drv_usbhs.o
                0x80000420                gDrvUSBEndpoints
                0x80000460                gDrvUSBObj
 COMMON         0x80000520       0x70 build/daqifi_nyquist/debug/_ext/2136608937/usb_device_hid.o
                0x80000520                gUSBDeviceHIDIRP
                0x80000568                gUsbDeviceHidInstance
                0x80000590                . = ALIGN ((. != 0x0)?0x4:0x1)
                0x80000590                . = ALIGN (0x4)
                0x80000590                _end = .
                0x80000590                _bss_end = .
                0x00080000                _bmxdudba_address = 0x80000
                0x00080000                _bmxdupba_address = 0x80000

/DISCARD/
 *(.pdr)
 *(.rel.dyn)
 *(.note.GNU-stack)
 *(.note.GNU-stack)
 *(.gnu_debuglink)
 *(.gnu.lto_*)
 *(.discard)
 *(._debug_exception)

.gptab.sdata
 *(.gptab.data)
 *(.gptab.sdata)

.gptab.sbss
 *(.gptab.bss)
 *(.gptab.sbss)

.mdebug.abi32   0x80000590        0x0
 *(.mdebug.abi32)
 .mdebug.abi32  0x80000590        0x0 c:/program files (x86)/microchip/xc32/v1.42/bin/bin/../../lib/gcc/pic32mx/4.8.3/../../../../pic32mx/lib/fpu64\software-debug-break.o
 .mdebug.abi32  0x80000590        0x0 build/daqifi_nyquist/debug/_ext/371503188/sys_clk_static.o
 .mdebug.abi32  0x80000590        0x0 build/daqifi_nyquist/debug/_ext/2024860324/sys_ports_static.o
 .mdebug.abi32  0x80000590        0x0 build/daqifi_nyquist/debug/_ext/2141804971/system_init.o
 .mdebug.abi32  0x80000590        0x0 build/daqifi_nyquist/debug/_ext/2141804971/system_interrupt.o
 .mdebug.abi32  0x80000590        0x0 build/daqifi_nyquist/debug/_ext/2141804971/system_exceptions.o
 .mdebug.abi32  0x80000590        0x0 build/daqifi_nyquist/debug/_ext/2141804971/system_tasks.o
 .mdebug.abi32  0x80000590        0x0 build/daqifi_nyquist/debug/_ext/1360937237/main.o
 .mdebug.abi32  0x80000590        0x0 build/daqifi_nyquist/debug/_ext/1360937237/app.o
 .mdebug.abi32  0x80000590        0x0 build/daqifi_nyquist/debug/_ext/853289710/bsp_sys_init.o
 .mdebug.abi32  0x80000590        0x0 build/daqifi_nyquist/debug/_ext/615392287/datastream.o
 .mdebug.abi32  0x80000590        0x0 build/daqifi_nyquist/debug/_ext/615392287/datastream_usb_hid.o
 .mdebug.abi32  0x80000590        0x0 build/daqifi_nyquist/debug/_ext/686445382/bootloader.o
 .mdebug.abi32  0x80000590        0x0 build/daqifi_nyquist/debug/_ext/686445382/nvm.o
 .mdebug.abi32  0x80000590        0x0 build/daqifi_nyquist/debug/_ext/941160041/drv_tmr.o
 .mdebug.abi32  0x80000590        0x0 build/daqifi_nyquist/debug/_ext/179651966/drv_usbhs.o
 .mdebug.abi32  0x80000590        0x0 build/daqifi_nyquist/debug/_ext/179651966/drv_usbhs_device.o
 .mdebug.abi32  0x80000590        0x0 build/daqifi_nyquist/debug/_ext/482662494/sys_devcon.o
 .mdebug.abi32  0x80000590        0x0 build/daqifi_nyquist/debug/_ext/482662494/sys_devcon_pic32mz.o
 .mdebug.abi32  0x80000590        0x0 build/daqifi_nyquist/debug/_ext/1042686532/sys_int_pic32.o
 .mdebug.abi32  0x80000590        0x0 build/daqifi_nyquist/debug/_ext/64182180/sys_reset.o
 .mdebug.abi32  0x80000590        0x0 build/daqifi_nyquist/debug/_ext/2110151058/sys_tmr.o
 .mdebug.abi32  0x80000590        0x0 build/daqifi_nyquist/debug/_ext/2136608937/usb_device.o
 .mdebug.abi32  0x80000590        0x0 build/daqifi_nyquist/debug/_ext/2136608937/usb_device_hid.o
 .mdebug.abi32  0x80000590        0x0 c:/program files (x86)/microchip/xc32/v1.42/bin/bin/../../lib/gcc/pic32mx/4.8.3/fpu64\libgcc.a(_udivdi3.o)
 .mdebug.abi32  0x80000590        0x0 c:/program files (x86)/microchip/xc32/v1.42/bin/bin/../../lib/gcc/pic32mx/4.8.3/../../../../pic32mx/lib/fpu64\libpic32.a(default-bootstrap-exception-handler.o)
 .mdebug.abi32  0x80000590        0x0 c:/program files (x86)/microchip/xc32/v1.42/bin/bin/../../lib/gcc/pic32mx/4.8.3/../../../../pic32mx/lib/fpu64\libpic32.a(default-on-reset.o)
 .mdebug.abi32  0x80000590        0x0 c:/program files (x86)/microchip/xc32/v1.42/bin/bin/../../lib/gcc/pic32mx/4.8.3/../../../../pic32mx/lib/fpu64\libpic32.a(default-on-bootstrap.o)
 .mdebug.abi32  0x80000590        0x0 c:/program files (x86)/microchip/xc32/v1.42/bin/bin/../../lib/gcc/pic32mx/4.8.3/../../../../pic32mx/lib/fpu64\libpic32.a(defaultinterrupt.o)
 .mdebug.abi32  0x80000590        0x0 c:/program files (x86)/microchip/xc32/v1.42/bin/bin/../../lib/gcc/pic32mx/4.8.3/../../../../pic32mx/lib/fpu64\libpic32.a(default-cache-err-exception-handler.o)
 .mdebug.abi32  0x80000590        0x0 c:/program files (x86)/microchip/xc32/v1.42/bin/bin/../../lib/gcc/pic32mx/4.8.3/../../../../pic32mx/lib/fpu64\libpic32.a(default-simple-tlb-refill-exception-handler.o)

.mdebug.abiN32
 *(.mdebug.abiN32)

.mdebug.abi64
 *(.mdebug.abi64)

.mdebug.abiO64
 *(.mdebug.abiO64)

.mdebug.eabi32
 *(.mdebug.eabi32)

.mdebug.eabi64
 *(.mdebug.eabi64)

.gcc_compiled_long32
 *(.gcc_compiled_long32)

.gcc_compiled_long64
 *(.gcc_compiled_long64)

.stab
 *(.stab)

.stabstr
 *(.stabstr)

.stab.excl
 *(.stab.excl)

.stab.exclstr
 *(.stab.exclstr)

.stab.index
 *(.stab.index)

.stab.indexstr
 *(.stab.indexstr)

.comment        0x00000000       0x54
 *(.comment)
 .comment       0x00000000       0x3c c:/program files (x86)/microchip/xc32/v1.42/bin/bin/../../lib/gcc/pic32mx/4.8.3/../../../../pic32mx/lib/fpu64\software-debug-break.o
                                 0x3d (size before relaxing)
 .comment       0x00000000       0x3d build/daqifi_nyquist/debug/_ext/371503188/sys_clk_static.o
 .comment       0x00000000       0x3d build/daqifi_nyquist/debug/_ext/2024860324/sys_ports_static.o
 .comment       0x00000000       0x3d build/daqifi_nyquist/debug/_ext/2141804971/system_init.o
 .comment       0x00000000       0x3d build/daqifi_nyquist/debug/_ext/2141804971/system_interrupt.o
 .comment       0x00000000       0x3d build/daqifi_nyquist/debug/_ext/2141804971/system_exceptions.o
 .comment       0x00000000       0x3d build/daqifi_nyquist/debug/_ext/2141804971/system_tasks.o
 .comment       0x00000000       0x3d build/daqifi_nyquist/debug/_ext/1360937237/main.o
 .comment       0x00000000       0x3d build/daqifi_nyquist/debug/_ext/1360937237/app.o
 .comment       0x00000000       0x3d build/daqifi_nyquist/debug/_ext/853289710/bsp_sys_init.o
 .comment       0x00000000       0x3d build/daqifi_nyquist/debug/_ext/615392287/datastream.o
 .comment       0x00000000       0x3d build/daqifi_nyquist/debug/_ext/615392287/datastream_usb_hid.o
 .comment       0x00000000       0x3d build/daqifi_nyquist/debug/_ext/686445382/bootloader.o
 .comment       0x00000000       0x3d build/daqifi_nyquist/debug/_ext/686445382/nvm.o
 .comment       0x00000000       0x3d build/daqifi_nyquist/debug/_ext/941160041/drv_tmr.o
 .comment       0x00000000       0x3d build/daqifi_nyquist/debug/_ext/179651966/drv_usbhs.o
 .comment       0x00000000       0x3d build/daqifi_nyquist/debug/_ext/179651966/drv_usbhs_device.o
 .comment       0x00000000       0x3d build/daqifi_nyquist/debug/_ext/482662494/sys_devcon.o
 .comment       0x00000000       0x3d build/daqifi_nyquist/debug/_ext/482662494/sys_devcon_pic32mz.o
 .comment       0x00000000       0x3d build/daqifi_nyquist/debug/_ext/1042686532/sys_int_pic32.o
 .comment       0x00000000       0x3d build/daqifi_nyquist/debug/_ext/64182180/sys_reset.o
 .comment       0x00000000       0x3d build/daqifi_nyquist/debug/_ext/2110151058/sys_tmr.o
 .comment       0x00000000       0x3d build/daqifi_nyquist/debug/_ext/2136608937/usb_device.o
 .comment       0x00000000       0x3d build/daqifi_nyquist/debug/_ext/2136608937/usb_device_hid.o
 .comment       0x00000000       0x3d c:/program files (x86)/microchip/xc32/v1.42/bin/bin/../../lib/gcc/pic32mx/4.8.3/fpu64\libgcc.a(_udivdi3.o)
 .comment       0x0000003c       0x18 c:/program files (x86)/microchip/xc32/v1.42/bin/bin/../../lib/gcc/pic32mx/4.8.3/../../../../pic32mx/lib/fpu64\libpic32.a(memset.o)
                                 0x19 (size before relaxing)
 .comment       0x00000000       0x3d c:/program files (x86)/microchip/xc32/v1.42/bin/bin/../../lib/gcc/pic32mx/4.8.3/../../../../pic32mx/lib/fpu64\libpic32.a(default-bootstrap-exception-handler.o)
 .comment       0x00000000       0x3d c:/program files (x86)/microchip/xc32/v1.42/bin/bin/../../lib/gcc/pic32mx/4.8.3/../../../../pic32mx/lib/fpu64\libpic32.a(default-on-reset.o)
 .comment       0x00000000       0x3d c:/program files (x86)/microchip/xc32/v1.42/bin/bin/../../lib/gcc/pic32mx/4.8.3/../../../../pic32mx/lib/fpu64\libpic32.a(default-on-bootstrap.o)
 .comment       0x00000000       0x3d c:/program files (x86)/microchip/xc32/v1.42/bin/bin/../../lib/gcc/pic32mx/4.8.3/../../../../pic32mx/lib/fpu64\libpic32.a(defaultinterrupt.o)
 .comment       0x00000000       0x3d c:/program files (x86)/microchip/xc32/v1.42/bin/bin/../../lib/gcc/pic32mx/4.8.3/../../../../pic32mx/lib/fpu64\libpic32.a(default-cache-err-exception-handler.o)
 .comment       0x00000000       0x3d c:/program files (x86)/microchip/xc32/v1.42/bin/bin/../../lib/gcc/pic32mx/4.8.3/../../../../pic32mx/lib/fpu64\libpic32.a(default-simple-tlb-refill-exception-handler.o)

.debug
 *(.debug)

.line
 *(.line)

.debug_srcinfo
 *(.debug_srcinfo)

.debug_sfnames
 *(.debug_sfnames)

.debug_aranges  0x00000000      0xc48
 *(.debug_aranges)
 .debug_aranges
                0x00000000       0x20 c:/program files (x86)/microchip/xc32/v1.42/bin/bin/../../lib/gcc/pic32mx/4.8.3/../../../../pic32mx/lib/fpu64\software-debug-break.o
 .debug_aranges
                0x00000020       0x50 build/daqifi_nyquist/debug/_ext/371503188/sys_clk_static.o
 .debug_aranges
                0x00000070      0x108 build/daqifi_nyquist/debug/_ext/2024860324/sys_ports_static.o
 .debug_aranges
                0x00000178       0x20 build/daqifi_nyquist/debug/_ext/2141804971/system_init.o
 .debug_aranges
                0x00000198       0x30 build/daqifi_nyquist/debug/_ext/2141804971/system_interrupt.o
 .debug_aranges
                0x000001c8       0x20 build/daqifi_nyquist/debug/_ext/2141804971/system_exceptions.o
 .debug_aranges
                0x000001e8       0x20 build/daqifi_nyquist/debug/_ext/2141804971/system_tasks.o
 .debug_aranges
                0x00000208       0x20 build/daqifi_nyquist/debug/_ext/1360937237/main.o
 .debug_aranges
                0x00000228       0x48 build/daqifi_nyquist/debug/_ext/1360937237/app.o
 .debug_aranges
                0x00000270       0x68 build/daqifi_nyquist/debug/_ext/853289710/bsp_sys_init.o
 .debug_aranges
                0x000002d8       0x58 build/daqifi_nyquist/debug/_ext/615392287/datastream.o
 .debug_aranges
                0x00000330       0x48 build/daqifi_nyquist/debug/_ext/615392287/datastream_usb_hid.o
 .debug_aranges
                0x00000378       0x60 build/daqifi_nyquist/debug/_ext/686445382/bootloader.o
 .debug_aranges
                0x000003d8       0x58 build/daqifi_nyquist/debug/_ext/686445382/nvm.o
 .debug_aranges
                0x00000430      0x178 build/daqifi_nyquist/debug/_ext/941160041/drv_tmr.o
 .debug_aranges
                0x000005a8       0x78 build/daqifi_nyquist/debug/_ext/179651966/drv_usbhs.o
 .debug_aranges
                0x00000620       0xe0 build/daqifi_nyquist/debug/_ext/179651966/drv_usbhs_device.o
 .debug_aranges
                0x00000700       0x78 build/daqifi_nyquist/debug/_ext/482662494/sys_devcon.o
 .debug_aranges
                0x00000778       0xc8 build/daqifi_nyquist/debug/_ext/482662494/sys_devcon_pic32mz.o
 .debug_aranges
                0x00000840       0x20 build/daqifi_nyquist/debug/_ext/482662494/sys_devcon_cache_pic32mz.o
 .debug_aranges
                0x00000860       0x48 build/daqifi_nyquist/debug/_ext/1042686532/sys_int_pic32.o
 .debug_aranges
                0x000008a8       0x38 build/daqifi_nyquist/debug/_ext/64182180/sys_reset.o
 .debug_aranges
                0x000008e0       0xd0 build/daqifi_nyquist/debug/_ext/2110151058/sys_tmr.o
 .debug_aranges
                0x000009b0      0x150 build/daqifi_nyquist/debug/_ext/2136608937/usb_device.o
 .debug_aranges
                0x00000b00       0x68 build/daqifi_nyquist/debug/_ext/2136608937/usb_device_hid.o
 .debug_aranges
                0x00000b68       0x20 c:/program files (x86)/microchip/xc32/v1.42/bin/bin/../../lib/gcc/pic32mx/4.8.3/fpu64\libgcc.a(_udivdi3.o)
 .debug_aranges
                0x00000b88       0x20 c:/program files (x86)/microchip/xc32/v1.42/bin/bin/../../lib/gcc/pic32mx/4.8.3/../../../../pic32mx/lib/fpu64\libpic32.a(default-bootstrap-exception-handler.o)
 .debug_aranges
                0x00000ba8       0x20 c:/program files (x86)/microchip/xc32/v1.42/bin/bin/../../lib/gcc/pic32mx/4.8.3/../../../../pic32mx/lib/fpu64\libpic32.a(default-on-reset.o)
 .debug_aranges
                0x00000bc8       0x20 c:/program files (x86)/microchip/xc32/v1.42/bin/bin/../../lib/gcc/pic32mx/4.8.3/../../../../pic32mx/lib/fpu64\libpic32.a(default-on-bootstrap.o)
 .debug_aranges
                0x00000be8       0x20 c:/program files (x86)/microchip/xc32/v1.42/bin/bin/../../lib/gcc/pic32mx/4.8.3/../../../../pic32mx/lib/fpu64\libpic32.a(defaultinterrupt.o)
 .debug_aranges
                0x00000c08       0x20 c:/program files (x86)/microchip/xc32/v1.42/bin/bin/../../lib/gcc/pic32mx/4.8.3/../../../../pic32mx/lib/fpu64\libpic32.a(default-cache-err-exception-handler.o)
 .debug_aranges
                0x00000c28       0x20 c:/program files (x86)/microchip/xc32/v1.42/bin/bin/../../lib/gcc/pic32mx/4.8.3/../../../../pic32mx/lib/fpu64\libpic32.a(default-simple-tlb-refill-exception-handler.o)

.debug_pubnames
 *(.debug_pubnames)

.debug_info     0x00000000    0x59fc2
 *(.debug_info .gnu.linkonce.wi.*)
 .debug_info    0x00000000       0xe5 c:/program files (x86)/microchip/xc32/v1.42/bin/bin/../../lib/gcc/pic32mx/4.8.3/../../../../pic32mx/lib/fpu64\software-debug-break.o
 .debug_info    0x000000e5     0x2edf build/daqifi_nyquist/debug/_ext/371503188/sys_clk_static.o
 .debug_info    0x00002fc4     0x6e29 build/daqifi_nyquist/debug/_ext/2024860324/sys_ports_static.o
 .debug_info    0x00009ded     0x7d58 build/daqifi_nyquist/debug/_ext/2141804971/system_init.o
 .debug_info    0x00011b45     0x1aa9 build/daqifi_nyquist/debug/_ext/2141804971/system_interrupt.o
 .debug_info    0x000135ee     0x21d1 build/daqifi_nyquist/debug/_ext/2141804971/system_exceptions.o
 .debug_info    0x000157bf     0x1a90 build/daqifi_nyquist/debug/_ext/2141804971/system_tasks.o
 .debug_info    0x0001724f      0x1b4 build/daqifi_nyquist/debug/_ext/1360937237/main.o
 .debug_info    0x00017403     0xa50d build/daqifi_nyquist/debug/_ext/1360937237/app.o
 .debug_info    0x00021910     0x1de9 build/daqifi_nyquist/debug/_ext/853289710/bsp_sys_init.o
 .debug_info    0x000236f9      0xffd build/daqifi_nyquist/debug/_ext/615392287/datastream.o
 .debug_info    0x000246f6     0x79ca build/daqifi_nyquist/debug/_ext/615392287/datastream_usb_hid.o
 .debug_info    0x0002c0c0     0x17e8 build/daqifi_nyquist/debug/_ext/686445382/bootloader.o
 .debug_info    0x0002d8a8     0x17e4 build/daqifi_nyquist/debug/_ext/686445382/nvm.o
 .debug_info    0x0002f08c     0x92c9 build/daqifi_nyquist/debug/_ext/941160041/drv_tmr.o
 .debug_info    0x00038355     0x589c build/daqifi_nyquist/debug/_ext/179651966/drv_usbhs.o
 .debug_info    0x0003dbf1     0x99d3 build/daqifi_nyquist/debug/_ext/179651966/drv_usbhs_device.o
 .debug_info    0x000475c4     0x12b5 build/daqifi_nyquist/debug/_ext/482662494/sys_devcon.o
 .debug_info    0x00048879     0x10f0 build/daqifi_nyquist/debug/_ext/482662494/sys_devcon_pic32mz.o
 .debug_info    0x00049969       0xbc build/daqifi_nyquist/debug/_ext/482662494/sys_devcon_cache_pic32mz.o
 .debug_info    0x00049a25     0x21a3 build/daqifi_nyquist/debug/_ext/1042686532/sys_int_pic32.o
 .debug_info    0x0004bbc8      0xcb3 build/daqifi_nyquist/debug/_ext/64182180/sys_reset.o
 .debug_info    0x0004c87b     0x2514 build/daqifi_nyquist/debug/_ext/2110151058/sys_tmr.o
 .debug_info    0x0004ed8f     0x621d build/daqifi_nyquist/debug/_ext/2136608937/usb_device.o
 .debug_info    0x00054fac     0x431f build/daqifi_nyquist/debug/_ext/2136608937/usb_device_hid.o
 .debug_info    0x000592cb      0x779 c:/program files (x86)/microchip/xc32/v1.42/bin/bin/../../lib/gcc/pic32mx/4.8.3/fpu64\libgcc.a(_udivdi3.o)
 .debug_info    0x00059a44       0xf5 c:/program files (x86)/microchip/xc32/v1.42/bin/bin/../../lib/gcc/pic32mx/4.8.3/../../../../pic32mx/lib/fpu64\libpic32.a(default-bootstrap-exception-handler.o)
 .debug_info    0x00059b39       0xcf c:/program files (x86)/microchip/xc32/v1.42/bin/bin/../../lib/gcc/pic32mx/4.8.3/../../../../pic32mx/lib/fpu64\libpic32.a(default-on-reset.o)
 .debug_info    0x00059c08       0xd7 c:/program files (x86)/microchip/xc32/v1.42/bin/bin/../../lib/gcc/pic32mx/4.8.3/../../../../pic32mx/lib/fpu64\libpic32.a(default-on-bootstrap.o)
 .debug_info    0x00059cdf       0xe9 c:/program files (x86)/microchip/xc32/v1.42/bin/bin/../../lib/gcc/pic32mx/4.8.3/../../../../pic32mx/lib/fpu64\libpic32.a(defaultinterrupt.o)
 .debug_info    0x00059dc8       0xf5 c:/program files (x86)/microchip/xc32/v1.42/bin/bin/../../lib/gcc/pic32mx/4.8.3/../../../../pic32mx/lib/fpu64\libpic32.a(default-cache-err-exception-handler.o)
 .debug_info    0x00059ebd      0x105 c:/program files (x86)/microchip/xc32/v1.42/bin/bin/../../lib/gcc/pic32mx/4.8.3/../../../../pic32mx/lib/fpu64\libpic32.a(default-simple-tlb-refill-exception-handler.o)

.debug_abbrev   0x00000000     0x4839
 *(.debug_abbrev)
 .debug_abbrev  0x00000000       0x28 c:/program files (x86)/microchip/xc32/v1.42/bin/bin/../../lib/gcc/pic32mx/4.8.3/../../../../pic32mx/lib/fpu64\software-debug-break.o
 .debug_abbrev  0x00000028      0x2df build/daqifi_nyquist/debug/_ext/371503188/sys_clk_static.o
 .debug_abbrev  0x00000307      0x266 build/daqifi_nyquist/debug/_ext/2024860324/sys_ports_static.o
 .debug_abbrev  0x0000056d      0x380 build/daqifi_nyquist/debug/_ext/2141804971/system_init.o
 .debug_abbrev  0x000008ed      0x176 build/daqifi_nyquist/debug/_ext/2141804971/system_interrupt.o
 .debug_abbrev  0x00000a63      0x145 build/daqifi_nyquist/debug/_ext/2141804971/system_exceptions.o
 .debug_abbrev  0x00000ba8      0x18c build/daqifi_nyquist/debug/_ext/2141804971/system_tasks.o
 .debug_abbrev  0x00000d34       0x93 build/daqifi_nyquist/debug/_ext/1360937237/main.o
 .debug_abbrev  0x00000dc7      0x496 build/daqifi_nyquist/debug/_ext/1360937237/app.o
 .debug_abbrev  0x0000125d      0x1ca build/daqifi_nyquist/debug/_ext/853289710/bsp_sys_init.o
 .debug_abbrev  0x00001427      0x252 build/daqifi_nyquist/debug/_ext/615392287/datastream.o
 .debug_abbrev  0x00001679      0x3e9 build/daqifi_nyquist/debug/_ext/615392287/datastream_usb_hid.o
 .debug_abbrev  0x00001a62      0x384 build/daqifi_nyquist/debug/_ext/686445382/bootloader.o
 .debug_abbrev  0x00001de6      0x2ad build/daqifi_nyquist/debug/_ext/686445382/nvm.o
 .debug_abbrev  0x00002093      0x581 build/daqifi_nyquist/debug/_ext/941160041/drv_tmr.o
 .debug_abbrev  0x00002614      0x4b2 build/daqifi_nyquist/debug/_ext/179651966/drv_usbhs.o
 .debug_abbrev  0x00002ac6      0x52c build/daqifi_nyquist/debug/_ext/179651966/drv_usbhs_device.o
 .debug_abbrev  0x00002ff2      0x2b2 build/daqifi_nyquist/debug/_ext/482662494/sys_devcon.o
 .debug_abbrev  0x000032a4      0x21d build/daqifi_nyquist/debug/_ext/482662494/sys_devcon_pic32mz.o
 .debug_abbrev  0x000034c1       0x14 build/daqifi_nyquist/debug/_ext/482662494/sys_devcon_cache_pic32mz.o
 .debug_abbrev  0x000034d5      0x1ea build/daqifi_nyquist/debug/_ext/1042686532/sys_int_pic32.o
 .debug_abbrev  0x000036bf      0x18d build/daqifi_nyquist/debug/_ext/64182180/sys_reset.o
 .debug_abbrev  0x0000384c      0x520 build/daqifi_nyquist/debug/_ext/2110151058/sys_tmr.o
 .debug_abbrev  0x00003d6c      0x44f build/daqifi_nyquist/debug/_ext/2136608937/usb_device.o
 .debug_abbrev  0x000041bb      0x456 build/daqifi_nyquist/debug/_ext/2136608937/usb_device_hid.o
 .debug_abbrev  0x00004611      0x138 c:/program files (x86)/microchip/xc32/v1.42/bin/bin/../../lib/gcc/pic32mx/4.8.3/fpu64\libgcc.a(_udivdi3.o)
 .debug_abbrev  0x00004749       0x28 c:/program files (x86)/microchip/xc32/v1.42/bin/bin/../../lib/gcc/pic32mx/4.8.3/../../../../pic32mx/lib/fpu64\libpic32.a(default-bootstrap-exception-handler.o)
 .debug_abbrev  0x00004771       0x28 c:/program files (x86)/microchip/xc32/v1.42/bin/bin/../../lib/gcc/pic32mx/4.8.3/../../../../pic32mx/lib/fpu64\libpic32.a(default-on-reset.o)
 .debug_abbrev  0x00004799       0x28 c:/program files (x86)/microchip/xc32/v1.42/bin/bin/../../lib/gcc/pic32mx/4.8.3/../../../../pic32mx/lib/fpu64\libpic32.a(default-on-bootstrap.o)
 .debug_abbrev  0x000047c1       0x28 c:/program files (x86)/microchip/xc32/v1.42/bin/bin/../../lib/gcc/pic32mx/4.8.3/../../../../pic32mx/lib/fpu64\libpic32.a(defaultinterrupt.o)
 .debug_abbrev  0x000047e9       0x28 c:/program files (x86)/microchip/xc32/v1.42/bin/bin/../../lib/gcc/pic32mx/4.8.3/../../../../pic32mx/lib/fpu64\libpic32.a(default-cache-err-exception-handler.o)
 .debug_abbrev  0x00004811       0x28 c:/program files (x86)/microchip/xc32/v1.42/bin/bin/../../lib/gcc/pic32mx/4.8.3/../../../../pic32mx/lib/fpu64\libpic32.a(default-simple-tlb-refill-exception-handler.o)

.debug_line     0x00000000     0xa218
 *(.debug_line)
 .debug_line    0x00000000       0x9c c:/program files (x86)/microchip/xc32/v1.42/bin/bin/../../lib/gcc/pic32mx/4.8.3/../../../../pic32mx/lib/fpu64\software-debug-break.o
 .debug_line    0x0000009c      0x58b build/daqifi_nyquist/debug/_ext/371503188/sys_clk_static.o
 .debug_line    0x00000627      0xa49 build/daqifi_nyquist/debug/_ext/2024860324/sys_ports_static.o
 .debug_line    0x00001070      0x809 build/daqifi_nyquist/debug/_ext/2141804971/system_init.o
 .debug_line    0x00001879      0x303 build/daqifi_nyquist/debug/_ext/2141804971/system_interrupt.o
 .debug_line    0x00001b7c      0x277 build/daqifi_nyquist/debug/_ext/2141804971/system_exceptions.o
 .debug_line    0x00001df3      0x391 build/daqifi_nyquist/debug/_ext/2141804971/system_tasks.o
 .debug_line    0x00002184       0xbd build/daqifi_nyquist/debug/_ext/1360937237/main.o
 .debug_line    0x00002241      0x8d3 build/daqifi_nyquist/debug/_ext/1360937237/app.o
 .debug_line    0x00002b14      0x351 build/daqifi_nyquist/debug/_ext/853289710/bsp_sys_init.o
 .debug_line    0x00002e65      0x357 build/daqifi_nyquist/debug/_ext/615392287/datastream.o
 .debug_line    0x000031bc      0x653 build/daqifi_nyquist/debug/_ext/615392287/datastream_usb_hid.o
 .debug_line    0x0000380f      0x5c3 build/daqifi_nyquist/debug/_ext/686445382/bootloader.o
 .debug_line    0x00003dd2      0x5e0 build/daqifi_nyquist/debug/_ext/686445382/nvm.o
 .debug_line    0x000043b2     0x1397 build/daqifi_nyquist/debug/_ext/941160041/drv_tmr.o
 .debug_line    0x00005749      0x8bc build/daqifi_nyquist/debug/_ext/179651966/drv_usbhs.o
 .debug_line    0x00006005     0x136d build/daqifi_nyquist/debug/_ext/179651966/drv_usbhs_device.o
 .debug_line    0x00007372      0x5dc build/daqifi_nyquist/debug/_ext/482662494/sys_devcon.o
 .debug_line    0x0000794e      0x5a3 build/daqifi_nyquist/debug/_ext/482662494/sys_devcon_pic32mz.o
 .debug_line    0x00007ef1      0x212 build/daqifi_nyquist/debug/_ext/482662494/sys_devcon_cache_pic32mz.o
 .debug_line    0x00008103      0x39e build/daqifi_nyquist/debug/_ext/1042686532/sys_int_pic32.o
 .debug_line    0x000084a1      0x3de build/daqifi_nyquist/debug/_ext/64182180/sys_reset.o
 .debug_line    0x0000887f      0x62a build/daqifi_nyquist/debug/_ext/2110151058/sys_tmr.o
 .debug_line    0x00008ea9      0x8ed build/daqifi_nyquist/debug/_ext/2136608937/usb_device.o
 .debug_line    0x00009796      0x5a8 build/daqifi_nyquist/debug/_ext/2136608937/usb_device_hid.o
 .debug_line    0x00009d3e       0xff c:/program files (x86)/microchip/xc32/v1.42/bin/bin/../../lib/gcc/pic32mx/4.8.3/fpu64\libgcc.a(_udivdi3.o)
 .debug_line    0x00009e3d       0xa9 c:/program files (x86)/microchip/xc32/v1.42/bin/bin/../../lib/gcc/pic32mx/4.8.3/../../../../pic32mx/lib/fpu64\libpic32.a(default-bootstrap-exception-handler.o)
 .debug_line    0x00009ee6       0x96 c:/program files (x86)/microchip/xc32/v1.42/bin/bin/../../lib/gcc/pic32mx/4.8.3/../../../../pic32mx/lib/fpu64\libpic32.a(default-on-reset.o)
 .debug_line    0x00009f7c       0x9a c:/program files (x86)/microchip/xc32/v1.42/bin/bin/../../lib/gcc/pic32mx/4.8.3/../../../../pic32mx/lib/fpu64\libpic32.a(default-on-bootstrap.o)
 .debug_line    0x0000a016       0xa8 c:/program files (x86)/microchip/xc32/v1.42/bin/bin/../../lib/gcc/pic32mx/4.8.3/../../../../pic32mx/lib/fpu64\libpic32.a(defaultinterrupt.o)
 .debug_line    0x0000a0be       0xa9 c:/program files (x86)/microchip/xc32/v1.42/bin/bin/../../lib/gcc/pic32mx/4.8.3/../../../../pic32mx/lib/fpu64\libpic32.a(default-cache-err-exception-handler.o)
 .debug_line    0x0000a167       0xb1 c:/program files (x86)/microchip/xc32/v1.42/bin/bin/../../lib/gcc/pic32mx/4.8.3/../../../../pic32mx/lib/fpu64\libpic32.a(default-simple-tlb-refill-exception-handler.o)

.debug_frame    0x00000000     0x1cd0
 *(.debug_frame)
 .debug_frame   0x00000000       0x20 c:/program files (x86)/microchip/xc32/v1.42/bin/bin/../../lib/gcc/pic32mx/4.8.3/../../../../pic32mx/lib/fpu64\software-debug-break.o
 .debug_frame   0x00000020       0xa0 build/daqifi_nyquist/debug/_ext/371503188/sys_clk_static.o
 .debug_frame   0x000000c0      0x1f0 build/daqifi_nyquist/debug/_ext/2024860324/sys_ports_static.o
 .debug_frame   0x000002b0       0x30 build/daqifi_nyquist/debug/_ext/2141804971/system_init.o
 .debug_frame   0x000002e0      0x1e4 build/daqifi_nyquist/debug/_ext/2141804971/system_interrupt.o
 .debug_frame   0x000004c4       0x28 build/daqifi_nyquist/debug/_ext/2141804971/system_exceptions.o
 .debug_frame   0x000004ec       0x28 build/daqifi_nyquist/debug/_ext/2141804971/system_tasks.o
 .debug_frame   0x00000514       0x28 build/daqifi_nyquist/debug/_ext/1360937237/main.o
 .debug_frame   0x0000053c       0x94 build/daqifi_nyquist/debug/_ext/1360937237/app.o
 .debug_frame   0x000005d0       0xb0 build/daqifi_nyquist/debug/_ext/853289710/bsp_sys_init.o
 .debug_frame   0x00000680       0xa0 build/daqifi_nyquist/debug/_ext/615392287/datastream.o
 .debug_frame   0x00000720       0xa0 build/daqifi_nyquist/debug/_ext/615392287/datastream_usb_hid.o
 .debug_frame   0x000007c0       0xb0 build/daqifi_nyquist/debug/_ext/686445382/bootloader.o
 .debug_frame   0x00000870       0xd8 build/daqifi_nyquist/debug/_ext/686445382/nvm.o
 .debug_frame   0x00000948      0x3e4 build/daqifi_nyquist/debug/_ext/941160041/drv_tmr.o
 .debug_frame   0x00000d2c       0xfc build/daqifi_nyquist/debug/_ext/179651966/drv_usbhs.o
 .debug_frame   0x00000e28      0x298 build/daqifi_nyquist/debug/_ext/179651966/drv_usbhs_device.o
 .debug_frame   0x000010c0       0xe8 build/daqifi_nyquist/debug/_ext/482662494/sys_devcon.o
 .debug_frame   0x000011a8      0x220 build/daqifi_nyquist/debug/_ext/482662494/sys_devcon_pic32mz.o
 .debug_frame   0x000013c8       0x90 build/daqifi_nyquist/debug/_ext/1042686532/sys_int_pic32.o
 .debug_frame   0x00001458       0x50 build/daqifi_nyquist/debug/_ext/64182180/sys_reset.o
 .debug_frame   0x000014a8      0x24c build/daqifi_nyquist/debug/_ext/2110151058/sys_tmr.o
 .debug_frame   0x000016f4      0x3d8 build/daqifi_nyquist/debug/_ext/2136608937/usb_device.o
 .debug_frame   0x00001acc      0x100 build/daqifi_nyquist/debug/_ext/2136608937/usb_device_hid.o
 .debug_frame   0x00001bcc       0x20 c:/program files (x86)/microchip/xc32/v1.42/bin/bin/../../lib/gcc/pic32mx/4.8.3/fpu64\libgcc.a(_udivdi3.o)